*** Using Compiler 'V5.06 update 5 (build 528)', folder: 'D:\Qianrushi\ARM\ARMCC\Bin'
Build target 'sdio_sdcard'
assembling startup_stm32f10x_hd.s...
compiling misc.c...
compiling stm32f10x_bkp.c...
compiling stm32f10x_can.c...
compiling stm32f10x_adc.c...
compiling system_stm32f10x.c...
compiling core_cm3.c...
compiling stm32f10x_cec.c...
compiling stm32f10x_crc.c...
compiling stm32f10x_dac.c...
compiling stm32f10x_dbgmcu.c...
compiling stm32f10x_dma.c...
compiling stm32f10x_exti.c...
compiling stm32f10x_flash.c...
compiling stm32f10x_fsmc.c...
compiling stm32f10x_gpio.c...
compiling stm32f10x_i2c.c...
compiling stm32f10x_iwdg.c...
compiling stm32f10x_pwr.c...
compiling stm32f10x_rtc.c...
compiling stm32f10x_rcc.c...
compiling stm32f10x_sdio.c...
compiling stm32f10x_spi.c...
compiling stm32f10x_usart.c...
compiling stm32f10x_tim.c...
compiling main.c...
compiling stm32f10x_wwdg.c...
compiling bsp_key.c...
compiling stm32f10x_it.c...
compiling bsp_led.c...
compiling bsp_usart.c...
compiling sdio_test.c...
compiling bsp_sdio_sdcard.c...
linking...
Program Size: Code=12556 RO-data=708 RW-data=68 ZI-data=12500  
FromELF: creating hex file...
"..\..\Output\Template.axf" - 0 Error(s), 0 Warning(s).
Build Time Elapsed:  00:00:11
