Component: ARM Compiler 5.06 update 5 (build 528) Tool: armlink [4d35e2]

==============================================================================

Section Cross References

    startup_stm32f10x_hd.o(RESET) refers to startup_stm32f10x_hd.o(STACK) for __initial_sp
    startup_stm32f10x_hd.o(RESET) refers to startup_stm32f10x_hd.o(.text) for Reset_Handler
    startup_stm32f10x_hd.o(RESET) refers to stm32f10x_it.o(i.NMI_Handler) for NMI_Handler
    startup_stm32f10x_hd.o(RESET) refers to stm32f10x_it.o(i.HardFault_Handler) for HardFault_Handler
    startup_stm32f10x_hd.o(RESET) refers to stm32f10x_it.o(i.MemManage_Handler) for MemManage_Handler
    startup_stm32f10x_hd.o(RESET) refers to stm32f10x_it.o(i.BusFault_Handler) for BusFault_Handler
    startup_stm32f10x_hd.o(RESET) refers to stm32f10x_it.o(i.UsageFault_Handler) for UsageFault_Handler
    startup_stm32f10x_hd.o(RESET) refers to stm32f10x_it.o(i.SVC_Handler) for SVC_Handler
    startup_stm32f10x_hd.o(RESET) refers to stm32f10x_it.o(i.DebugMon_Handler) for DebugMon_Handler
    startup_stm32f10x_hd.o(RESET) refers to stm32f10x_it.o(i.PendSV_Handler) for PendSV_Handler
    startup_stm32f10x_hd.o(RESET) refers to bsp_sdio_sdcard.o(i.SDIO_IRQHandler) for SDIO_IRQHandler
    startup_stm32f10x_hd.o(.text) refers to system_stm32f10x.o(i.SystemInit) for SystemInit
    startup_stm32f10x_hd.o(.text) refers to entry.o(.ARM.Collect$$$$00000000) for __main
    system_stm32f10x.o(i.SetSysClock) refers to system_stm32f10x.o(i.SetSysClockTo72) for SetSysClockTo72
    system_stm32f10x.o(i.SystemCoreClockUpdate) refers to system_stm32f10x.o(.data) for .data
    system_stm32f10x.o(i.SystemInit) refers to system_stm32f10x.o(i.SetSysClock) for SetSysClock
    stm32f10x_adc.o(i.ADC_DeInit) refers to stm32f10x_rcc.o(i.RCC_APB2PeriphResetCmd) for RCC_APB2PeriphResetCmd
    stm32f10x_bkp.o(i.BKP_DeInit) refers to stm32f10x_rcc.o(i.RCC_BackupResetCmd) for RCC_BackupResetCmd
    stm32f10x_can.o(i.CAN_DeInit) refers to stm32f10x_rcc.o(i.RCC_APB1PeriphResetCmd) for RCC_APB1PeriphResetCmd
    stm32f10x_can.o(i.CAN_GetITStatus) refers to stm32f10x_can.o(i.CheckITStatus) for CheckITStatus
    stm32f10x_cec.o(i.CEC_DeInit) refers to stm32f10x_rcc.o(i.RCC_APB1PeriphResetCmd) for RCC_APB1PeriphResetCmd
    stm32f10x_dac.o(i.DAC_DeInit) refers to stm32f10x_rcc.o(i.RCC_APB1PeriphResetCmd) for RCC_APB1PeriphResetCmd
    stm32f10x_flash.o(i.FLASH_EnableWriteProtection) refers to stm32f10x_flash.o(i.FLASH_WaitForLastOperation) for FLASH_WaitForLastOperation
    stm32f10x_flash.o(i.FLASH_EraseAllBank1Pages) refers to stm32f10x_flash.o(i.FLASH_WaitForLastBank1Operation) for FLASH_WaitForLastBank1Operation
    stm32f10x_flash.o(i.FLASH_EraseAllPages) refers to stm32f10x_flash.o(i.FLASH_WaitForLastOperation) for FLASH_WaitForLastOperation
    stm32f10x_flash.o(i.FLASH_EraseOptionBytes) refers to stm32f10x_flash.o(i.FLASH_GetReadOutProtectionStatus) for FLASH_GetReadOutProtectionStatus
    stm32f10x_flash.o(i.FLASH_EraseOptionBytes) refers to stm32f10x_flash.o(i.FLASH_WaitForLastOperation) for FLASH_WaitForLastOperation
    stm32f10x_flash.o(i.FLASH_ErasePage) refers to stm32f10x_flash.o(i.FLASH_WaitForLastOperation) for FLASH_WaitForLastOperation
    stm32f10x_flash.o(i.FLASH_ProgramHalfWord) refers to stm32f10x_flash.o(i.FLASH_WaitForLastOperation) for FLASH_WaitForLastOperation
    stm32f10x_flash.o(i.FLASH_ProgramOptionByteData) refers to stm32f10x_flash.o(i.FLASH_WaitForLastOperation) for FLASH_WaitForLastOperation
    stm32f10x_flash.o(i.FLASH_ProgramWord) refers to stm32f10x_flash.o(i.FLASH_WaitForLastOperation) for FLASH_WaitForLastOperation
    stm32f10x_flash.o(i.FLASH_ReadOutProtection) refers to stm32f10x_flash.o(i.FLASH_WaitForLastOperation) for FLASH_WaitForLastOperation
    stm32f10x_flash.o(i.FLASH_UserOptionByteConfig) refers to stm32f10x_flash.o(i.FLASH_WaitForLastOperation) for FLASH_WaitForLastOperation
    stm32f10x_flash.o(i.FLASH_WaitForLastBank1Operation) refers to stm32f10x_flash.o(i.FLASH_GetBank1Status) for FLASH_GetBank1Status
    stm32f10x_flash.o(i.FLASH_WaitForLastOperation) refers to stm32f10x_flash.o(i.FLASH_GetBank1Status) for FLASH_GetBank1Status
    stm32f10x_gpio.o(i.GPIO_AFIODeInit) refers to stm32f10x_rcc.o(i.RCC_APB2PeriphResetCmd) for RCC_APB2PeriphResetCmd
    stm32f10x_gpio.o(i.GPIO_DeInit) refers to stm32f10x_rcc.o(i.RCC_APB2PeriphResetCmd) for RCC_APB2PeriphResetCmd
    stm32f10x_i2c.o(i.I2C_DeInit) refers to stm32f10x_rcc.o(i.RCC_APB1PeriphResetCmd) for RCC_APB1PeriphResetCmd
    stm32f10x_i2c.o(i.I2C_Init) refers to stm32f10x_rcc.o(i.RCC_GetClocksFreq) for RCC_GetClocksFreq
    stm32f10x_pwr.o(i.PWR_DeInit) refers to stm32f10x_rcc.o(i.RCC_APB1PeriphResetCmd) for RCC_APB1PeriphResetCmd
    stm32f10x_rcc.o(i.RCC_GetClocksFreq) refers to stm32f10x_rcc.o(.data) for .data
    stm32f10x_rcc.o(i.RCC_WaitForHSEStartUp) refers to stm32f10x_rcc.o(i.RCC_GetFlagStatus) for RCC_GetFlagStatus
[...]
    Removing aux_data.o(.constdata), (29 bytes).
    Removing bsp_key.o(i.Key_Scan), (38 bytes).
    Removing bsp_usart.o(i.fgetc), (32 bytes).
    Removing bsp_spi_flash.o(i.SPI_FLASH_BulkErase), (44 bytes).
    Removing bsp_spi_flash.o(i.SPI_FLASH_ReadByte), (6 bytes).
    Removing bsp_spi_flash.o(i.SPI_FLASH_ReadDeviceID), (60 bytes).
    Removing bsp_spi_flash.o(i.SPI_FLASH_SendHalfWord), (108 bytes).
    Removing bsp_spi_flash.o(i.SPI_FLASH_StartReadSequence), (48 bytes).
    Removing bsp_spi_flash.o(i.SPI_Flash_PowerDown), (36 bytes).
    Removing bsp_spi_flash.o(.constdata), (31 bytes).
    Removing bsp_spi_flash.o(.constdata), (30 bytes).
    Removing bsp_spi_flash.o(.constdata), (29 bytes).
    Removing bsp_spi_flash.o(.constdata), (30 bytes).
    Removing bsp_sdio_sdcard.o(i.IsCardProgramming), (360 bytes).
    Removing bsp_sdio_sdcard.o(i.SD_DeInit), (72 bytes).
    Removing bsp_sdio_sdcard.o(i.SD_Erase), (260 bytes).
    Removing bsp_sdio_sdcard.o(i.SD_GetCardStatus), (132 bytes).
    Removing bsp_sdio_sdcard.o(i.SD_GetTransferState), (24 bytes).
    Removing bsp_sdio_sdcard.o(i.SD_PowerOFF), (14 bytes).
    Removing bsp_sdio_sdcard.o(i.SD_ReadBlock), (188 bytes).
    Removing bsp_sdio_sdcard.o(i.SD_SendSDStatus), (328 bytes).
    Removing bsp_sdio_sdcard.o(i.SD_StopTransfer), (24 bytes).
    Removing bsp_sdio_sdcard.o(i.SD_WriteBlock), (184 bytes).
    Removing bsp_sdio_sdcard.o(i.convert_from_bytes_to_power_of_two), (18 bytes).
    Removing ff.o(i.dir_read), (180 bytes).
    Removing ff.o(i.dir_remove), (94 bytes).
    Removing ff.o(i.f_chmod), (84 bytes).
    Removing ff.o(i.f_closedir), (20 bytes).
    Removing ff.o(i.f_getfree), (220 bytes).
    Removing ff.o(i.f_gets), (68 bytes).
    Removing ff.o(i.f_mkdir), (356 bytes).
    Removing ff.o(i.f_mkfs), (1386 bytes).
    Removing ff.o(i.f_opendir), (116 bytes).
    Removing ff.o(i.f_printf), (550 bytes).
    Removing ff.o(i.f_putc), (60 bytes).
    Removing ff.o(i.f_puts), (70 bytes).
    Removing ff.o(i.f_readdir), (94 bytes).
    Removing ff.o(i.f_rename), (250 bytes).
    Removing ff.o(i.f_stat), (68 bytes).
    Removing ff.o(i.f_truncate), (178 bytes).
    Removing ff.o(i.f_unlink), (170 bytes).
    Removing ff.o(i.f_utime), (88 bytes).
    Removing ff.o(i.f_write), (442 bytes).
    Removing ff.o(i.get_fileinfo), (224 bytes).
    Removing ff.o(i.pick_lfn), (124 bytes).
    Removing ff.o(i.putc_bfd), (58 bytes).
    Removing dadd.o(.text), (334 bytes).
    Removing dmul.o(.text), (228 bytes).
    Removing ddiv.o(.text), (222 bytes).
    Removing dfixul.o(.text), (48 bytes).
    Removing cdrcmple.o(.text), (48 bytes).
    Removing depilogue.o(.text), (186 bytes).

497 unused section(s) (total 29031 bytes) removed from the image.

==============================================================================

Image Symbol Table

    Local Symbols

    Symbol Name                              Value     Ov Type        Size  Object(Section)

    ../clib/../cmprslib/zerorunl2.c          0x00000000   Number         0  __dczerorl2.o ABSOLUTE
    ../clib/microlib/division.c              0x00000000   Number         0  uldiv.o ABSOLUTE
    ../clib/microlib/division.c              0x00000000   Number         0  uidiv.o ABSOLUTE
    ../clib/microlib/init/entry.s            0x00000000   Number         0  entry8b.o ABSOLUTE
    ../clib/microlib/init/entry.s            0x00000000   Number         0  entry11b.o ABSOLUTE
    ../clib/microlib/init/entry.s            0x00000000   Number         0  entry10a.o ABSOLUTE
    ../clib/microlib/init/entry.s            0x00000000   Number         0  entry9b.o ABSOLUTE
    ../clib/microlib/init/entry.s            0x00000000   Number         0  entry.o ABSOLUTE
    ../clib/microlib/init/entry.s            0x00000000   Number         0  entry8a.o ABSOLUTE
    ../clib/microlib/init/entry.s            0x00000000   Number         0  entry9a.o ABSOLUTE
    ../clib/microlib/init/entry.s            0x00000000   Number         0  entry2.o ABSOLUTE
    ../clib/microlib/init/entry.s            0x00000000   Number         0  entry5.o ABSOLUTE
    ../clib/microlib/init/entry.s            0x00000000   Number         0  entry7a.o ABSOLUTE
    ../clib/microlib/init/entry.s            0x00000000   Number         0  entry7b.o ABSOLUTE
    ../clib/microlib/init/entry.s            0x00000000   Number         0  entry11a.o ABSOLUTE
    ../clib/microlib/init/entry.s            0x00000000   Number         0  entry10b.o ABSOLUTE
    ../clib/microlib/longlong.c              0x00000000   Number         0  llsshr.o ABSOLUTE
    ../clib/microlib/longlong.c              0x00000000   Number         0  llushr.o ABSOLUTE
    ../clib/microlib/longlong.c              0x00000000   Number         0  llshl.o ABSOLUTE
    ../clib/microlib/printf/printf.c         0x00000000   Number         0  printf1.o ABSOLUTE
    ../clib/microlib/printf/printf.c         0x00000000   Number         0  printf0.o ABSOLUTE
    ../clib/microlib/printf/printf.c         0x00000000   Number         0  printfb.o ABSOLUTE
    ../clib/microlib/printf/printf.c         0x00000000   Number         0  printf8.o ABSOLUTE
    ../clib/microlib/printf/printf.c         0x00000000   Number         0  printfa.o ABSOLUTE
    ../clib/microlib/printf/printf.c         0x00000000   Number         0  printf6.o ABSOLUTE
    ../clib/microlib/printf/printf.c         0x00000000   Number         0  printf5.o ABSOLUTE
    ../clib/microlib/printf/printf.c         0x00000000   Number         0  printf4.o ABSOLUTE
    ../clib/microlib/printf/printf.c         0x00000000   Number         0  printf2.o ABSOLUTE
    ../clib/microlib/printf/printf.c         0x00000000   Number         0  printf3.o ABSOLUTE
    ../clib/microlib/printf/printf.c         0x00000000   Number         0  printf7.o ABSOLUTE
    ../clib/microlib/printf/stubs.s          0x00000000   Number         0  stubs.o ABSOLUTE
    ../clib/microlib/stdio/streams.c         0x00000000   Number         0  stdout.o ABSOLUTE
    ../clib/microlib/string/memcmp.c         0x00000000   Number         0  memcmp.o ABSOLUTE
    ../clib/microlib/string/memcpy.c         0x00000000   Number         0  memcpyb.o ABSOLUTE
    ../clib/microlib/string/memcpy.c         0x00000000   Number         0  memcpya.o ABSOLUTE
    ../clib/microlib/string/strlen.c         0x00000000   Number         0  strlen.o ABSOLUTE
    ../clib/microlib/string/strncmp.c        0x00000000   Number         0  strncmp.o ABSOLUTE
    ../clib/microlib/string/strncpy.c        0x00000000   Number         0  strncpy.o ABSOLUTE
    ../clib/microlib/string/strrchr.c        0x00000000   Number         0  strrchr.o ABSOLUTE
    ../clib/microlib/stubs.s                 0x00000000   Number         0  iusefp.o ABSOLUTE
    ../fplib/microlib/fpadd.c                0x00000000   Number         0  dadd.o ABSOLUTE
    ../fplib/microlib/fpdiv.c                0x00000000   Number         0  ddiv.o ABSOLUTE
    ../fplib/microlib/fpepilogue.c           0x00000000   Number         0  depilogue.o ABSOLUTE
    ../fplib/microlib/fpfix.c                0x00000000   Number         0  dfixul.o ABSOLUTE
    ../fplib/microlib/fpmul.c                0x00000000   Number         0  dmul.o ABSOLUTE
    ..\..\Libraries\CMSIS\startup\startup_stm32f10x_hd.s 0x00000000   Number         0  startup_stm32f10x_hd.o ABSOLUTE
    ..\..\Libraries\CMSIS\system_stm32f10x.c 0x00000000   Number         0  system_stm32f10x.o ABSOLUTE
    ..\..\Libraries\FWlib\src\misc.c         0x00000000   Number         0  misc.o ABSOLUTE
    ..\..\Libraries\FWlib\src\stm32f10x_adc.c 0x00000000   Number         0  stm32f10x_adc.o ABSOLUTE
    ..\..\Libraries\FWlib\src\stm32f10x_bkp.c 0x00000000   Number         0  stm32f10x_bkp.o ABSOLUTE
    ..\..\Libraries\FWlib\src\stm32f10x_can.c 0x00000000   Number         0  stm32f10x_can.o ABSOLUTE
    ..\..\Libraries\FWlib\src\stm32f10x_cec.c 0x00000000   Number         0  stm32f10x_cec.o ABSOLUTE
    ..\..\Libraries\FWlib\src\stm32f10x_crc.c 0x00000000   Number         0  stm32f10x_crc.o ABSOLUTE
    ..\..\Libraries\FWlib\src\stm32f10x_dac.c 0x00000000   Number         0  stm32f10x_dac.o ABSOLUTE
    ..\..\Libraries\FWlib\src\stm32f10x_dbgmcu.c 0x00000000   Number         0  stm32f10x_dbgmcu.o ABSOLUTE
    ..\..\Libraries\FWlib\src\stm32f10x_dma.c 0x00000000   Number         0  stm32f10x_dma.o ABSOLUTE
    ..\..\Libraries\FWlib\src\stm32f10x_exti.c 0x00000000   Number         0  stm32f10x_exti.o ABSOLUTE
    ..\..\Libraries\FWlib\src\stm32f10x_flash.c 0x00000000   Number         0  stm32f10x_flash.o ABSOLUTE
    ..\..\Libraries\FWlib\src\stm32f10x_fsmc.c 0x00000000   Number         0  stm32f10x_fsmc.o ABSOLUTE
    ..\..\Libraries\FWlib\src\stm32f10x_gpio.c 0x00000000   Number         0  stm32f10x_gpio.o ABSOLUTE
    ..\..\Libraries\FWlib\src\stm32f10x_i2c.c 0x00000000   Number         0  stm32f10x_i2c.o ABSOLUTE
    ..\..\Libraries\FWlib\src\stm32f10x_iwdg.c 0x00000000   Number         0  stm32f10x_iwdg.o ABSOLUTE
    ..\..\Libraries\FWlib\src\stm32f10x_pwr.c 0x00000000   Number         0  stm32f10x_pwr.o ABSOLUTE
    ..\..\Libraries\FWlib\src\stm32f10x_rcc.c 0x00000000   Number         0  stm32f10x_rcc.o ABSOLUTE
    ..\..\Libraries\FWlib\src\stm32f10x_rtc.c 0x00000000   Number         0  stm32f10x_rtc.o ABSOLUTE
    ..\..\Libraries\FWlib\src\stm32f10x_sdio.c 0x00000000   Number         0  stm32f10x_sdio.o ABSOLUTE
    ..\..\Libraries\FWlib\src\stm32f10x_spi.c 0x00000000   Number         0  stm32f10x_spi.o ABSOLUTE
    ..\..\Libraries\FWlib\src\stm32f10x_tim.c 0x00000000   Number         0  stm32f10x_tim.o ABSOLUTE
    ..\..\Libraries\FWlib\src\stm32f10x_usart.c 0x00000000   Number         0  stm32f10x_usart.o ABSOLUTE
    ..\..\Libraries\FWlib\src\stm32f10x_wwdg.c 0x00000000   Number         0  stm32f10x_wwdg.o ABSOLUTE
    ..\..\User\FATFS\diskio.c                0x00000000   Number         0  diskio.o ABSOLUTE
    ..\..\User\FATFS\ff.c                    0x00000000   Number         0  ff.o ABSOLUTE
    ..\..\User\FATFS\option\cc936.c          0x00000000   Number         0  cc936.o ABSOLUTE
    ..\..\User\aux_data.c                    0x00000000   Number         0  aux_data.o ABSOLUTE
    ..\..\User\flash\bsp_spi_flash.c         0x00000000   Number         0  bsp_spi_flash.o ABSOLUTE
    ..\..\User\key\bsp_key.c                 0x00000000   Number         0  bsp_key.o ABSOLUTE
    ..\..\User\led\bsp_led.c                 0x00000000   Number         0  bsp_led.o ABSOLUTE
    ..\..\User\main.c                        0x00000000   Number         0  main.o ABSOLUTE
    ..\..\User\sdio\bsp_sdio_sdcard.c        0x00000000   Number         0  bsp_sdio_sdcard.o ABSOLUTE
    ..\..\User\stm32f10x_it.c                0x00000000   Number         0  stm32f10x_it.o ABSOLUTE
    ..\..\User\usart\bsp_usart.c             0x00000000   Number         0  bsp_usart.o ABSOLUTE
    cdrcmple.s                               0x00000000   Number         0  cdrcmple.o ABSOLUTE
    dc.s                                     0x00000000   Number         0  dc.o ABSOLUTE
    handlers.s                               0x00000000   Number         0  handlers.o ABSOLUTE
    init.s                                   0x00000000   Number         0  init.o ABSOLUTE
    RESET                                    0x08000000   Section      304  startup_stm32f10x_hd.o(RESET)
    .ARM.Collect$$$$00000000                 0x08000130   Section        0  entry.o(.ARM.Collect$$$$00000000)
    .ARM.Collect$$$$00000001                 0x08000130   Section        4  entry2.o(.ARM.Collect$$$$00000001)
    .ARM.Collect$$$$00000004                 0x08000134   Section        4  entry5.o(.ARM.Collect$$$$00000004)
    .ARM.Collect$$$$00000008                 0x08000138   Section        0  entry7b.o(.ARM.Collect$$$$00000008)
    .ARM.Collect$$$$0000000A                 0x08000138   Section        0  entry8b.o(.ARM.Collect$$$$0000000A)
    .ARM.Collect$$$$0000000B                 0x08000138   Section        8  entry9a.o(.ARM.Collect$$$$0000000B)
    .ARM.Collect$$$$0000000D                 0x08000140   Section        0  entry10a.o(.ARM.Collect$$$$0000000D)
    .ARM.Collect$$$$0000000F                 0x08000140   Section        0  entry11a.o(.ARM.Collect$$$$0000000F)
    .ARM.Collect$$$$00002712                 0x08000140   Section        4  entry2.o(.ARM.Collect$$$$00002712)
    __lit__00000000                          0x08000140   Data           4  entry2.o(.ARM.Collect$$$$00002712)
    .text                                    0x08000144   Section       36  startup_stm32f10x_hd.o(.text)
    .text                                    0x08000168   Section        0  uldiv.o(.text)
    .text                                    0x080001ca   Section        0  memcpya.o(.text)
    .text                                    0x080001ee   Section        0  strncpy.o(.text)
    .text                                    0x08000206   Section        0  memcmp.o(.text)
    .text                                    0x08000220   Section        0  strncmp.o(.text)
    .text                                    0x0800023e   Section        0  llshl.o(.text)
    .text                                    0x0800025c   Section        0  llushr.o(.text)
    .text                                    0x0800027c   Section       36  init.o(.text)
    .text                                    0x080002a0   Section        0  __dczerorl2.o(.text)
    i.BusFault_Handler                       0x080002f6   Section        0  stm32f10x_it.o(i.BusFault_Handler)
    i.CmdError                               0x080002f8   Section        0  bsp_sdio_sdcard.o(i.CmdError)
    CmdError                                 0x080002f9   Thumb Code    42  bsp_sdio_sdcard.o(i.CmdError)
    i.CmdResp1Error                          0x08000324   Section        0  bsp_sdio_sdcard.o(i.CmdResp1Error)
    CmdResp1Error                            0x08000325   Thumb Code    24  bsp_sdio_sdcard.o(i.CmdResp1Error)
    i.CmdResp2Error                          0x08000340   Section        0  bsp_sdio_sdcard.o(i.CmdResp2Error)
    CmdResp2Error                            0x08000341   Thumb Code    62  bsp_sdio_sdcard.o(i.CmdResp2Error)
    i.CmdResp3Error                          0x08000384   Section        0  bsp_sdio_sdcard.o(i.CmdResp3Error)
    CmdResp3Error                            0x08000385   Thumb Code    46  bsp_sdio_sdcard.o(i.CmdResp3Error)
    i.CmdResp6Error                          0x080003b8   Section        0  bsp_sdio_sdcard.o(i.CmdResp6Error)
    CmdResp6Error                            0x080003b9   Thumb Code   122  bsp_sdio_sdcard.o(i.CmdResp6Error)
    i.CmdResp7Error                          0x08000438   Section        0  bsp_sdio_sdcard.o(i.CmdResp7Error)
    CmdResp7Error                            0x08000439   Thumb Code    62  bsp_sdio_sdcard.o(i.CmdResp7Error)
    i.DMA_ClearFlag                          0x0800047c   Section        0  stm32f10x_dma.o(i.DMA_ClearFlag)
    i.DMA_Cmd                                0x08000494   Section        0  stm32f10x_dma.o(i.DMA_Cmd)
    i.DMA_GetFlagStatus                      0x080004b0   Section        0  stm32f10x_dma.o(i.DMA_GetFlagStatus)
    i.DMA_Init                               0x080004d4   Section        0  stm32f10x_dma.o(i.DMA_Init)
    i.DebugMon_Handler                       0x0800050e   Section        0  stm32f10x_it.o(i.DebugMon_Handler)
    i.FindSCR                                0x08000510   Section        0  bsp_sdio_sdcard.o(i.FindSCR)
    FindSCR                                  0x08000511   Thumb Code   368  bsp_sdio_sdcard.o(i.FindSCR)
    i.GPIO_Configuration                     0x0800068c   Section        0  bsp_sdio_sdcard.o(i.GPIO_Configuration)
    GPIO_Configuration                       0x0800068d   Thumb Code    70  bsp_sdio_sdcard.o(i.GPIO_Configuration)
    i.GPIO_Init                              0x080006dc   Section        0  stm32f10x_gpio.o(i.GPIO_Init)
    i.GPIO_ReadInputDataBit                  0x08000782   Section        0  stm32f10x_gpio.o(i.GPIO_ReadInputDataBit)
    i.GPIO_ResetBits                         0x08000790   Section        0  stm32f10x_gpio.o(i.GPIO_ResetBits)
    i.GPIO_SetBits                           0x08000794   Section        0  stm32f10x_gpio.o(i.GPIO_SetBits)
    i.HardFault_Handler                      0x08000798   Section        0  stm32f10x_it.o(i.HardFault_Handler)
    i.Key_GPIO_Config                        0x0800079c   Section        0  bsp_key.o(i.Key_GPIO_Config)
    i.LED_GPIO_Config                        0x080007d8   Section        0  bsp_led.o(i.LED_GPIO_Config)
    i.MemManage_Handler                      0x08000838   Section        0  stm32f10x_it.o(i.MemManage_Handler)
    i.NMI_Handler                            0x0800083a   Section        0  stm32f10x_it.o(i.NMI_Handler)
    i.NVIC_Init                              0x0800083c   Section        0  misc.o(i.NVIC_Init)
    i.NVIC_PriorityGroupConfig               0x080008a0   Section        0  misc.o(i.NVIC_PriorityGroupConfig)
    i.PendSV_Handler                         0x080008b4   Section        0  stm32f10x_it.o(i.PendSV_Handler)
    i.RCC_AHBPeriphClockCmd                  0x080008b8   Section        0  stm32f10x_rcc.o(i.RCC_AHBPeriphClockCmd)
    i.RCC_APB2PeriphClockCmd                 0x080008d4   Section        0  stm32f10x_rcc.o(i.RCC_APB2PeriphClockCmd)
    i.RCC_GetClocksFreq                      0x080008f0   Section        0  stm32f10x_rcc.o(i.RCC_GetClocksFreq)
    i.SDEnWideBus                            0x0800099c   Section        0  bsp_sdio_sdcard.o(i.SDEnWideBus)
    SDEnWideBus                              0x0800099d   Thumb Code   214  bsp_sdio_sdcard.o(i.SDEnWideBus)
    i.SDIO_ClearFlag                         0x08000a7c   Section        0  stm32f10x_sdio.o(i.SDIO_ClearFlag)
    i.SDIO_ClearITPendingBit                 0x08000a88   Section        0  stm32f10x_sdio.o(i.SDIO_ClearITPendingBit)
    i.SDIO_ClockCmd                          0x08000a94   Section        0  stm32f10x_sdio.o(i.SDIO_ClockCmd)
    i.SDIO_DMACmd                            0x08000aa0   Section        0  stm32f10x_sdio.o(i.SDIO_DMACmd)
    i.SDIO_DataConfig                        0x08000aac   Section        0  stm32f10x_sdio.o(i.SDIO_DataConfig)
    i.SDIO_DeInit                            0x08000ad8   Section        0  stm32f10x_sdio.o(i.SDIO_DeInit)
    i.SDIO_GetCommandResponse                0x08000afc   Section        0  stm32f10x_sdio.o(i.SDIO_GetCommandResponse)
    i.SDIO_GetFlagStatus                     0x08000b08   Section        0  stm32f10x_sdio.o(i.SDIO_GetFlagStatus)
    i.SDIO_GetPowerState                     0x08000b1c   Section        0  stm32f10x_sdio.o(i.SDIO_GetPowerState)
    i.SDIO_GetResponse                       0x08000b2c   Section        0  stm32f10x_sdio.o(i.SDIO_GetResponse)
    i.SDIO_IRQHandler                        0x08000b40   Section        0  bsp_sdio_sdcard.o(i.SDIO_IRQHandler)
    i.SDIO_ITConfig                          0x08000b44   Section        0  stm32f10x_sdio.o(i.SDIO_ITConfig)
    i.SDIO_Init                              0x08000b60   Section        0  stm32f10x_sdio.o(i.SDIO_Init)
    i.SDIO_ReadData                          0x08000b8c   Section        0  stm32f10x_sdio.o(i.SDIO_ReadData)
    i.SDIO_SendCommand                       0x08000b98   Section        0  stm32f10x_sdio.o(i.SDIO_SendCommand)
    i.SDIO_SetPowerState                     0x08000bc0   Section        0  stm32f10x_sdio.o(i.SDIO_SetPowerState)
    i.SD_DMAEndOfTransferStatus              0x08000bd8   Section        0  bsp_sdio_sdcard.o(i.SD_DMAEndOfTransferStatus)
    SD_DMAEndOfTransferStatus                0x08000bd9   Thumb Code     6  bsp_sdio_sdcard.o(i.SD_DMAEndOfTransferStatus)
    i.SD_DMA_RxConfig                        0x08000be4   Section        0  bsp_sdio_sdcard.o(i.SD_DMA_RxConfig)
    SD_DMA_RxConfig                          0x08000be5   Thumb Code    80  bsp_sdio_sdcard.o(i.SD_DMA_RxConfig)
    i.SD_DMA_TxConfig                        0x08000c40   Section        0  bsp_sdio_sdcard.o(i.SD_DMA_TxConfig)
    SD_DMA_TxConfig                          0x08000c41   Thumb Code    82  bsp_sdio_sdcard.o(i.SD_DMA_TxConfig)
    i.SD_Detect                              0x08000ca0   Section        0  bsp_sdio_sdcard.o(i.SD_Detect)
    i.SD_EnableWideBusOperation              0x08000cac   Section        0  bsp_sdio_sdcard.o(i.SD_EnableWideBusOperation)
    i.SD_GetCardInfo                         0x08000d38   Section        0  bsp_sdio_sdcard.o(i.SD_GetCardInfo)
    i.SD_GetState                            0x08000fa0   Section        0  bsp_sdio_sdcard.o(i.SD_GetState)
    i.SD_GetStatus                           0x08000fba   Section        0  bsp_sdio_sdcard.o(i.SD_GetStatus)
    i.SD_Init                                0x08000fd4   Section        0  bsp_sdio_sdcard.o(i.SD_Init)
    i.SD_InitializeCards                     0x08001034   Section        0  bsp_sdio_sdcard.o(i.SD_InitializeCards)
    i.SD_PowerON                             0x0800114c   Section        0  bsp_sdio_sdcard.o(i.SD_PowerON)
    i.SD_ProcessIRQSrc                       0x080012bc   Section        0  bsp_sdio_sdcard.o(i.SD_ProcessIRQSrc)
    i.SD_ReadMultiBlocks                     0x08001300   Section        0  bsp_sdio_sdcard.o(i.SD_ReadMultiBlocks)
    i.SD_SelectDeselect                      0x080013c8   Section        0  bsp_sdio_sdcard.o(i.SD_SelectDeselect)
    i.SD_SendStatus                          0x080013f4   Section        0  bsp_sdio_sdcard.o(i.SD_SendStatus)
    i.SD_WaitReadOperation                   0x08001420   Section        0  bsp_sdio_sdcard.o(i.SD_WaitReadOperation)
    i.SD_WaitWriteOperation                  0x08001448   Section        0  bsp_sdio_sdcard.o(i.SD_WaitWriteOperation)
    i.SD_WriteMultiBlocks                    0x08001478   Section        0  bsp_sdio_sdcard.o(i.SD_WriteMultiBlocks)
    i.SPI_Cmd                                0x0800159c   Section        0  stm32f10x_spi.o(i.SPI_Cmd)
    i.SPI_FLASH_BufferRead                   0x080015b4   Section        0  bsp_spi_flash.o(i.SPI_FLASH_BufferRead)
    i.SPI_FLASH_BufferWrite                  0x08001608   Section        0  bsp_spi_flash.o(i.SPI_FLASH_BufferWrite)
    i.SPI_FLASH_Init                         0x080016dc   Section        0  bsp_spi_flash.o(i.SPI_FLASH_Init)
    i.SPI_FLASH_PageWrite                    0x08001798   Section        0  bsp_spi_flash.o(i.SPI_FLASH_PageWrite)
    i.SPI_FLASH_ReadID                       0x08001834   Section        0  bsp_spi_flash.o(i.SPI_FLASH_ReadID)
    i.SPI_FLASH_SectorErase                  0x08001878   Section        0  bsp_spi_flash.o(i.SPI_FLASH_SectorErase)
    i.SPI_FLASH_SendByte                     0x080018c0   Section        0  bsp_spi_flash.o(i.SPI_FLASH_SendByte)
    i.SPI_FLASH_WaitForWriteEnd              0x08001930   Section        0  bsp_spi_flash.o(i.SPI_FLASH_WaitForWriteEnd)
    i.SPI_FLASH_WriteEnable                  0x0800195c   Section        0  bsp_spi_flash.o(i.SPI_FLASH_WriteEnable)
    i.SPI_Flash_WAKEUP                       0x08001980   Section        0  bsp_spi_flash.o(i.SPI_Flash_WAKEUP)
    i.SPI_I2S_GetFlagStatus                  0x080019a4   Section        0  stm32f10x_spi.o(i.SPI_I2S_GetFlagStatus)
    i.SPI_I2S_ReceiveData                    0x080019b2   Section        0  stm32f10x_spi.o(i.SPI_I2S_ReceiveData)
    i.SPI_I2S_SendData                       0x080019b6   Section        0  stm32f10x_spi.o(i.SPI_I2S_SendData)
    i.SPI_Init                               0x080019ba   Section        0  stm32f10x_spi.o(i.SPI_Init)
    i.SPI_TIMEOUT_UserCallback               0x080019f4   Section        0  bsp_spi_flash.o(i.SPI_TIMEOUT_UserCallback)
    SPI_TIMEOUT_UserCallback                 0x080019f5   Thumb Code    14  bsp_spi_flash.o(i.SPI_TIMEOUT_UserCallback)
    i.SVC_Handler                            0x08001a34   Section        0  stm32f10x_it.o(i.SVC_Handler)
    i.SetSysClock                            0x08001a36   Section        0  system_stm32f10x.o(i.SetSysClock)
    SetSysClock                              0x08001a37   Thumb Code     4  system_stm32f10x.o(i.SetSysClock)
    i.SetSysClockTo72                        0x08001a3c   Section        0  system_stm32f10x.o(i.SetSysClockTo72)
    SetSysClockTo72                          0x08001a3d   Thumb Code   166  system_stm32f10x.o(i.SetSysClockTo72)
    i.SystemInit                             0x08001aec   Section        0  system_stm32f10x.o(i.SystemInit)
    i.TM_FATFS_FLASH_SPI_disk_initialize     0x08001b3c   Section        0  bsp_spi_flash.o(i.TM_FATFS_FLASH_SPI_disk_initialize)
    i.TM_FATFS_FLASH_SPI_disk_ioctl          0x08001c0c   Section        0  bsp_spi_flash.o(i.TM_FATFS_FLASH_SPI_disk_ioctl)
    i.TM_FATFS_FLASH_SPI_disk_read           0x08001c38   Section        0  bsp_spi_flash.o(i.TM_FATFS_FLASH_SPI_disk_read)
    i.TM_FATFS_FLASH_SPI_disk_status         0x08001c60   Section        0  bsp_spi_flash.o(i.TM_FATFS_FLASH_SPI_disk_status)
    i.TM_FATFS_FLASH_SPI_disk_write          0x08001c8c   Section        0  bsp_spi_flash.o(i.TM_FATFS_FLASH_SPI_disk_write)
    i.TM_FATFS_SDIO_WriteEnabled             0x08001cac   Section        0  bsp_sdio_sdcard.o(i.TM_FATFS_SDIO_WriteEnabled)
    i.TM_FATFS_SD_SDIO_disk_initialize       0x08001cb0   Section        0  bsp_sdio_sdcard.o(i.TM_FATFS_SD_SDIO_disk_initialize)
    i.TM_FATFS_SD_SDIO_disk_ioctl            0x08001d10   Section        0  bsp_sdio_sdcard.o(i.TM_FATFS_SD_SDIO_disk_ioctl)
    i.TM_FATFS_SD_SDIO_disk_read             0x08001d4c   Section        0  bsp_sdio_sdcard.o(i.TM_FATFS_SD_SDIO_disk_read)
    i.TM_FATFS_SD_SDIO_disk_status           0x08001dd4   Section        0  bsp_sdio_sdcard.o(i.TM_FATFS_SD_SDIO_disk_status)
    i.TM_FATFS_SD_SDIO_disk_write            0x08001e04   Section        0  bsp_sdio_sdcard.o(i.TM_FATFS_SD_SDIO_disk_write)
    i.USART_Cmd                              0x08001e8c   Section        0  stm32f10x_usart.o(i.USART_Cmd)
    i.USART_Config                           0x08001ea4   Section        0  bsp_usart.o(i.USART_Config)
    i.USART_GetFlagStatus                    0x08001f28   Section        0  stm32f10x_usart.o(i.USART_GetFlagStatus)
    i.USART_Init                             0x08001f38   Section        0  stm32f10x_usart.o(i.USART_Init)
    i.USART_SendData                         0x08001ff4   Section        0  stm32f10x_usart.o(i.USART_SendData)
    i.UsageFault_Handler                     0x08001ffc   Section        0  stm32f10x_it.o(i.UsageFault_Handler)
    i.__0printf$8                            0x08002000   Section        0  printf8.o(i.__0printf$8)
    i.__scatterload_copy                     0x08002020   Section       14  handlers.o(i.__scatterload_copy)
    i.__scatterload_null                     0x0800202e   Section        2  handlers.o(i.__scatterload_null)
    i.__scatterload_zeroinit                 0x08002030   Section       14  handlers.o(i.__scatterload_zeroinit)
    i._printf_core                           0x08002040   Section        0  printf8.o(i._printf_core)
    _printf_core                             0x08002041   Thumb Code   996  printf8.o(i._printf_core)
    i._printf_post_padding                   0x08002450   Section        0  printf8.o(i._printf_post_padding)
    _printf_post_padding                     0x08002451   Thumb Code    36  printf8.o(i._printf_post_padding)
    i._printf_pre_padding                    0x08002474   Section        0  printf8.o(i._printf_pre_padding)
    _printf_pre_padding                      0x08002475   Thumb Code    46  printf8.o(i._printf_pre_padding)
    i.burn_file_sd2flash                     0x080024a4   Section        0  aux_data.o(i.burn_file_sd2flash)
    i.burn_index_table                       0x08002894   Section        0  aux_data.o(i.burn_index_table)
    i.check_fs                               0x08002abc   Section        0  ff.o(i.check_fs)
    check_fs                                 0x08002abd   Thumb Code   120  ff.o(i.check_fs)
    i.chk_chr                                0x08002b38   Section        0  ff.o(i.chk_chr)
    chk_chr                                  0x08002b39   Thumb Code    16  ff.o(i.chk_chr)
    i.clust2sect                             0x08002b48   Section        0  ff.o(i.clust2sect)
    i.cmp_lfn                                0x08002b60   Section        0  ff.o(i.cmp_lfn)
    cmp_lfn                                  0x08002b61   Thumb Code   144  ff.o(i.cmp_lfn)
    i.create_chain                           0x08002bf4   Section        0  ff.o(i.create_chain)
    create_chain                             0x08002bf5   Thumb Code   168  ff.o(i.create_chain)
    i.create_name                            0x08002c9c   Section        0  ff.o(i.create_name)
    create_name                              0x08002c9d   Thumb Code   538  ff.o(i.create_name)
    i.delay_loop                             0x08002ecc   Section        0  main.o(i.delay_loop)
    delay_loop                               0x08002ecd   Thumb Code    38  main.o(i.delay_loop)
    i.dir_alloc                              0x08002ef2   Section        0  ff.o(i.dir_alloc)
    dir_alloc                                0x08002ef3   Thumb Code    68  ff.o(i.dir_alloc)
    i.dir_find                               0x08002f36   Section        0  ff.o(i.dir_find)
    dir_find                                 0x08002f37   Thumb Code   198  ff.o(i.dir_find)
    i.dir_next                               0x08002ffc   Section        0  ff.o(i.dir_next)
    dir_next                                 0x08002ffd   Thumb Code   276  ff.o(i.dir_next)
    i.dir_register                           0x08003110   Section        0  ff.o(i.dir_register)
    dir_register                             0x08003111   Thumb Code   260  ff.o(i.dir_register)
    i.dir_sdi                                0x08003214   Section        0  ff.o(i.dir_sdi)
    dir_sdi                                  0x08003215   Thumb Code   158  ff.o(i.dir_sdi)
    i.disk_initialize                        0x080032b2   Section        0  diskio.o(i.disk_initialize)
    i.disk_ioctl                             0x080032c8   Section        0  diskio.o(i.disk_ioctl)
    i.disk_read                              0x080032ee   Section        0  diskio.o(i.disk_read)
    i.disk_status                            0x08003316   Section        0  diskio.o(i.disk_status)
    i.disk_write                             0x0800332c   Section        0  diskio.o(i.disk_write)
    i.f_close                                0x08003358   Section        0  ff.o(i.f_close)
    i.f_lseek                                0x08003376   Section        0  ff.o(i.f_lseek)
    i.f_mount                                0x080034ec   Section        0  ff.o(i.f_mount)
    i.f_open                                 0x08003538   Section        0  ff.o(i.f_open)
    i.f_read                                 0x08003698   Section        0  ff.o(i.f_read)
    i.f_sync                                 0x08003814   Section        0  ff.o(i.f_sync)
    i.ff_convert                             0x080038b0   Section        0  cc936.o(i.ff_convert)
    i.ff_wtoupper                            0x08003908   Section        0  cc936.o(i.ff_wtoupper)
    i.find_volume                            0x08003954   Section        0  ff.o(i.find_volume)
    find_volume                              0x08003955   Thumb Code   826  ff.o(i.find_volume)
    i.fit_lfn                                0x08003c9c   Section        0  ff.o(i.fit_lfn)
    fit_lfn                                  0x08003c9d   Thumb Code   104  ff.o(i.fit_lfn)
    i.flash_already_burned                   0x08003d08   Section        0  main.o(i.flash_already_burned)
    flash_already_burned                     0x08003d09   Thumb Code   154  main.o(i.flash_already_burned)
    i.follow_path                            0x08003dac   Section        0  ff.o(i.follow_path)
    follow_path                              0x08003dad   Thumb Code   106  ff.o(i.follow_path)
    i.fputc                                  0x08003e18   Section        0  bsp_usart.o(i.fputc)
    i.gen_numname                            0x08003e3c   Section        0  ff.o(i.gen_numname)
    gen_numname                              0x08003e3d   Thumb Code   146  ff.o(i.gen_numname)
    i.get_fat                                0x08003ed4   Section        0  ff.o(i.get_fat)
    i.get_fattime                            0x08003fd4   Section        0  diskio.o(i.get_fattime)
    i.get_ldnumber                           0x08003fdc   Section        0  ff.o(i.get_ldnumber)
    get_ldnumber                             0x08003fdd   Thumb Code    66  ff.o(i.get_ldnumber)
    i.key2_debounced                         0x0800401e   Section        0  main.o(i.key2_debounced)
    key2_debounced                           0x0800401f   Thumb Code    26  main.o(i.key2_debounced)
    i.key2_pressed                           0x08004038   Section        0  main.o(i.key2_pressed)
    key2_pressed                             0x08004039   Thumb Code    20  main.o(i.key2_pressed)
    i.ld_clust                               0x08004050   Section        0  ff.o(i.ld_clust)
    ld_clust                                 0x08004051   Thumb Code    30  ff.o(i.ld_clust)
    i.main                                   0x08004070   Section        0  main.o(i.main)
    i.mem_cmp                                0x080044c4   Section        0  ff.o(i.mem_cmp)
    mem_cmp                                  0x080044c5   Thumb Code    26  ff.o(i.mem_cmp)
    i.mem_cpy                                0x080044de   Section        0  ff.o(i.mem_cpy)
    mem_cpy                                  0x080044df   Thumb Code    18  ff.o(i.mem_cpy)
    i.mem_set                                0x080044f0   Section        0  ff.o(i.mem_set)
    mem_set                                  0x080044f1   Thumb Code    16  ff.o(i.mem_set)
    i.move_window                            0x08004500   Section        0  ff.o(i.move_window)
    move_window                              0x08004501   Thumb Code    52  ff.o(i.move_window)
    i.put_fat                                0x08004534   Section        0  ff.o(i.put_fat)
    i.remove_chain                           0x08004660   Section        0  ff.o(i.remove_chain)
    remove_chain                             0x08004661   Thumb Code   102  ff.o(i.remove_chain)
    i.st_clust                               0x080046c6   Section        0  ff.o(i.st_clust)
    st_clust                                 0x080046c7   Thumb Code    16  ff.o(i.st_clust)
    i.sum_sfn                                0x080046d6   Section        0  ff.o(i.sum_sfn)
    sum_sfn                                  0x080046d7   Thumb Code    26  ff.o(i.sum_sfn)
    i.sync_fs                                0x080046f0   Section        0  ff.o(i.sync_fs)
    sync_fs                                  0x080046f1   Thumb Code   180  ff.o(i.sync_fs)
    i.sync_window                            0x080047a4   Section        0  ff.o(i.sync_window)
    sync_window                              0x080047a5   Thumb Code    84  ff.o(i.sync_window)
    i.validate                               0x080047f8   Section        0  ff.o(i.validate)
    validate                                 0x080047f9   Thumb Code    40  ff.o(i.validate)
    .constdata                               0x08004820   Section       58  ff.o(.constdata)
    LfnOfs                                   0x08004820   Data          13  ff.o(.constdata)
    vst                                      0x0800482e   Data          22  ff.o(.constdata)
    cst                                      0x08004844   Data          22  ff.o(.constdata)
    .constdata                               0x0800485a   Section    176320  cc936.o(.constdata)
    uni2oem                                  0x0800485a   Data       87172  cc936.o(.constdata)
    oem2uni                                  0x08019cde   Data       87172  cc936.o(.constdata)
    lower                                    0x0802f162   Data         988  cc936.o(.constdata)
    upper                                    0x0802f53e   Data         988  cc936.o(.constdata)
    .conststring                             0x0802f91c   Section     1236  aux_data.o(.conststring)
    .conststring                             0x0802fdf0   Section       87  aux_data.o(.conststring)
    .data                                    0x20000000   Section       20  stm32f10x_rcc.o(.data)
    ADCPrescTable                            0x20000000   Data           4  stm32f10x_rcc.o(.data)
    APBAHBPrescTable                         0x20000004   Data          16  stm32f10x_rcc.o(.data)
    .data                                    0x20000014   Section     1100  aux_data.o(.data)
    real_read_num                            0x20000014   Data           4  aux_data.o(.data)
    real_write_num                           0x20000018   Data           4  aux_data.o(.data)
    .data                                    0x20000460   Section      600  aux_data.o(.data)
    .data                                    0x200006b8   Section        8  bsp_spi_flash.o(.data)
    TM_FATFS_FLASH_SPI_Stat                  0x200006b8   Data           1  bsp_spi_flash.o(.data)
    SPITimeout                               0x200006bc   Data           4  bsp_spi_flash.o(.data)
    .data                                    0x200006c0   Section       20  bsp_sdio_sdcard.o(.data)
    TM_FATFS_SD_SDIO_Stat                    0x200006c1   Data           1  bsp_sdio_sdcard.o(.data)
    CardType                                 0x200006c4   Data           4  bsp_sdio_sdcard.o(.data)
    RCA                                      0x200006c8   Data           4  bsp_sdio_sdcard.o(.data)
    .data                                    0x200006d4   Section       12  ff.o(.data)
    Fsid                                     0x200006d4   Data           2  ff.o(.data)
    FatFs                                    0x200006d8   Data           8  ff.o(.data)
    .data                                    0x200006e0   Section        4  stdout.o(.data)
    .bss                                     0x200006e4   Section     4144  main.o(.bss)
    sd_fs                                    0x200006e4   Data        4144  main.o(.bss)
    .bss                                     0x20001714   Section    23026  aux_data.o(.bss)
    read_buf                                 0x20001714   Data        4096  aux_data.o(.bss)
    lfn                                      0x20002714   Data         511  aux_data.o(.bss)
    lfn                                      0x20002913   Data         511  aux_data.o(.bss)
    fnew                                     0x20003d9c   Data        4132  aux_data.o(.bss)
    fsrc                                     0x20004dc0   Data        4132  aux_data.o(.bss)
    fdst                                     0x20005de4   Data        4132  aux_data.o(.bss)
    fntemp                                   0x20006f07   Data         511  aux_data.o(.bss)
    .bss                                     0x20007108   Section      204  bsp_sdio_sdcard.o(.bss)
    CSD_Tab                                  0x20007108   Data          16  bsp_sdio_sdcard.o(.bss)
    CID_Tab                                  0x20007118   Data          16  bsp_sdio_sdcard.o(.bss)
    SDSTATUS_Tab                             0x20007128   Data          16  bsp_sdio_sdcard.o(.bss)
    STACK                                    0x200071d8   Section     4096  startup_stm32f10x_hd.o(STACK)

    Global Symbols

    Symbol Name                              Value     Ov Type        Size  Object(Section)

    BuildAttributes$$THM_ISAv4$P$D$K$B$S$PE$A:L22UL41UL21$X:L11$S22US41US21$IEEE1$IW$USESV6$~STKCKD$USESV7$~SHL$OSPACE$ROPI$EBA8$MICROLIB$REQ8$PRES8$EABIv2 0x00000000   Number         0  anon$$obj.o ABSOLUTE
    __ARM_use_no_argv                        0x00000000   Number         0  main.o ABSOLUTE
    _printf_a                                0x00000000   Number         0  stubs.o ABSOLUTE
    _printf_c                                0x00000000   Number         0  stubs.o ABSOLUTE
    _printf_charcount                        0x00000000   Number         0  stubs.o ABSOLUTE
    _printf_d                                0x00000000   Number         0  stubs.o ABSOLUTE
    _printf_e                                0x00000000   Number         0  stubs.o ABSOLUTE
    _printf_f                                0x00000000   Number         0  stubs.o ABSOLUTE
    _printf_flags                            0x00000000   Number         0  stubs.o ABSOLUTE
    _printf_fp_dec                           0x00000000   Number         0  stubs.o ABSOLUTE
    _printf_fp_hex                           0x00000000   Number         0  stubs.o ABSOLUTE
    _printf_g                                0x00000000   Number         0  stubs.o ABSOLUTE
    _printf_i                                0x00000000   Number         0  stubs.o ABSOLUTE
    _printf_int_dec                          0x00000000   Number         0  stubs.o ABSOLUTE
    _printf_l                                0x00000000   Number         0  stubs.o ABSOLUTE
    _printf_lc                               0x00000000   Number         0  stubs.o ABSOLUTE
    _printf_ll                               0x00000000   Number         0  stubs.o ABSOLUTE
    _printf_lld                              0x00000000   Number         0  stubs.o ABSOLUTE
    _printf_lli                              0x00000000   Number         0  stubs.o ABSOLUTE
    _printf_llo                              0x00000000   Number         0  stubs.o ABSOLUTE
    _printf_llu                              0x00000000   Number         0  stubs.o ABSOLUTE
    _printf_llx                              0x00000000   Number         0  stubs.o ABSOLUTE
    _printf_longlong_dec                     0x00000000   Number         0  stubs.o ABSOLUTE
    _printf_longlong_hex                     0x00000000   Number         0  stubs.o ABSOLUTE
    _printf_longlong_oct                     0x00000000   Number         0  stubs.o ABSOLUTE
    _printf_ls                               0x00000000   Number         0  stubs.o ABSOLUTE
    _printf_mbtowc                           0x00000000   Number         0  stubs.o ABSOLUTE
    _printf_n                                0x00000000   Number         0  stubs.o ABSOLUTE
    _printf_o                                0x00000000   Number         0  stubs.o ABSOLUTE
    _printf_p                                0x00000000   Number         0  stubs.o ABSOLUTE
    _printf_percent                          0x00000000   Number         0  stubs.o ABSOLUTE
    _printf_pre_padding                      0x00000000   Number         0  stubs.o ABSOLUTE
    _printf_return_value                     0x00000000   Number         0  stubs.o ABSOLUTE
    _printf_s                                0x00000000   Number         0  stubs.o ABSOLUTE
    _printf_sizespec                         0x00000000   Number         0  stubs.o ABSOLUTE
    _printf_str                              0x00000000   Number         0  stubs.o ABSOLUTE
    _printf_truncate_signed                  0x00000000   Number         0  stubs.o ABSOLUTE
    _printf_truncate_unsigned                0x00000000   Number         0  stubs.o ABSOLUTE
    _printf_u                                0x00000000   Number         0  stubs.o ABSOLUTE
    _printf_wc                               0x00000000   Number         0  stubs.o ABSOLUTE
    _printf_wctomb                           0x00000000   Number         0  stubs.o ABSOLUTE
    _printf_widthprec                        0x00000000   Number         0  stubs.o ABSOLUTE
    _printf_x                                0x00000000   Number         0  stubs.o ABSOLUTE
    __cpp_initialize__aeabi_                  - Undefined Weak Reference
    __cxa_finalize                            - Undefined Weak Reference
    _clock_init                               - Undefined Weak Reference
    _microlib_exit                            - Undefined Weak Reference
    __Vectors_Size                           0x00000130   Number         0  startup_stm32f10x_hd.o ABSOLUTE
    __Vectors                                0x08000000   Data           4  startup_stm32f10x_hd.o(RESET)
    __Vectors_End                            0x08000130   Data           0  startup_stm32f10x_hd.o(RESET)
    __main                                   0x08000131   Thumb Code     0  entry.o(.ARM.Collect$$$$00000000)
    _main_stk                                0x08000131   Thumb Code     0  entry2.o(.ARM.Collect$$$$00000001)
    _main_scatterload                        0x08000135   Thumb Code     0  entry5.o(.ARM.Collect$$$$00000004)
    __main_after_scatterload                 0x08000139   Thumb Code     0  entry5.o(.ARM.Collect$$$$00000004)
    _main_clock                              0x08000139   Thumb Code     0  entry7b.o(.ARM.Collect$$$$00000008)
    _main_cpp_init                           0x08000139   Thumb Code     0  entry8b.o(.ARM.Collect$$$$0000000A)
    _main_init                               0x08000139   Thumb Code     0  entry9a.o(.ARM.Collect$$$$0000000B)
    __rt_final_cpp                           0x08000141   Thumb Code     0  entry10a.o(.ARM.Collect$$$$0000000D)
    __rt_final_exit                          0x08000141   Thumb Code     0  entry11a.o(.ARM.Collect$$$$0000000F)
    Reset_Handler                            0x08000145   Thumb Code     8  startup_stm32f10x_hd.o(.text)
    SysTick_Handler                          0x0800015d   Thumb Code     2  startup_stm32f10x_hd.o(.text)
    ADC1_2_IRQHandler                        0x0800015f   Thumb Code     0  startup_stm32f10x_hd.o(.text)
    ADC3_IRQHandler                          0x0800015f   Thumb Code     0  startup_stm32f10x_hd.o(.text)
    CAN1_RX1_IRQHandler                      0x0800015f   Thumb Code     0  startup_stm32f10x_hd.o(.text)
    CAN1_SCE_IRQHandler                      0x0800015f   Thumb Code     0  startup_stm32f10x_hd.o(.text)
    DMA1_Channel1_IRQHandler                 0x0800015f   Thumb Code     0  startup_stm32f10x_hd.o(.text)
    DMA1_Channel2_IRQHandler                 0x0800015f   Thumb Code     0  startup_stm32f10x_hd.o(.text)
    DMA1_Channel3_IRQHandler                 0x0800015f   Thumb Code     0  startup_stm32f10x_hd.o(.text)
    DMA1_Channel4_IRQHandler                 0x0800015f   Thumb Code     0  startup_stm32f10x_hd.o(.text)
    DMA1_Channel5_IRQHandler                 0x0800015f   Thumb Code     0  startup_stm32f10x_hd.o(.text)
    DMA1_Channel6_IRQHandler                 0x0800015f   Thumb Code     0  startup_stm32f10x_hd.o(.text)
    DMA1_Channel7_IRQHandler                 0x0800015f   Thumb Code     0  startup_stm32f10x_hd.o(.text)
    DMA2_Channel1_IRQHandler                 0x0800015f   Thumb Code     0  startup_stm32f10x_hd.o(.text)
    DMA2_Channel2_IRQHandler                 0x0800015f   Thumb Code     0  startup_stm32f10x_hd.o(.text)
    DMA2_Channel3_IRQHandler                 0x0800015f   Thumb Code     0  startup_stm32f10x_hd.o(.text)
    DMA2_Channel4_5_IRQHandler               0x0800015f   Thumb Code     0  startup_stm32f10x_hd.o(.text)
    EXTI0_IRQHandler                         0x0800015f   Thumb Code     0  startup_stm32f10x_hd.o(.text)
    EXTI15_10_IRQHandler                     0x0800015f   Thumb Code     0  startup_stm32f10x_hd.o(.text)
    EXTI1_IRQHandler                         0x0800015f   Thumb Code     0  startup_stm32f10x_hd.o(.text)
    EXTI2_IRQHandler                         0x0800015f   Thumb Code     0  startup_stm32f10x_hd.o(.text)
    EXTI3_IRQHandler                         0x0800015f   Thumb Code     0  startup_stm32f10x_hd.o(.text)
    EXTI4_IRQHandler                         0x0800015f   Thumb Code     0  startup_stm32f10x_hd.o(.text)
    EXTI9_5_IRQHandler                       0x0800015f   Thumb Code     0  startup_stm32f10x_hd.o(.text)
    FLASH_IRQHandler                         0x0800015f   Thumb Code     0  startup_stm32f10x_hd.o(.text)
    FSMC_IRQHandler                          0x0800015f   Thumb Code     0  startup_stm32f10x_hd.o(.text)
    I2C1_ER_IRQHandler                       0x0800015f   Thumb Code     0  startup_stm32f10x_hd.o(.text)
    I2C1_EV_IRQHandler                       0x0800015f   Thumb Code     0  startup_stm32f10x_hd.o(.text)
    I2C2_ER_IRQHandler                       0x0800015f   Thumb Code     0  startup_stm32f10x_hd.o(.text)
    I2C2_EV_IRQHandler                       0x0800015f   Thumb Code     0  startup_stm32f10x_hd.o(.text)
    PVD_IRQHandler                           0x0800015f   Thumb Code     0  startup_stm32f10x_hd.o(.text)
    RCC_IRQHandler                           0x0800015f   Thumb Code     0  startup_stm32f10x_hd.o(.text)
    RTCAlarm_IRQHandler                      0x0800015f   Thumb Code     0  startup_stm32f10x_hd.o(.text)
    RTC_IRQHandler                           0x0800015f   Thumb Code     0  startup_stm32f10x_hd.o(.text)
    SPI1_IRQHandler                          0x0800015f   Thumb Code     0  startup_stm32f10x_hd.o(.text)
    SPI2_IRQHandler                          0x0800015f   Thumb Code     0  startup_stm32f10x_hd.o(.text)
    SPI3_IRQHandler                          0x0800015f   Thumb Code     0  startup_stm32f10x_hd.o(.text)
    TAMPER_IRQHandler                        0x0800015f   Thumb Code     0  startup_stm32f10x_hd.o(.text)
    TIM1_BRK_IRQHandler                      0x0800015f   Thumb Code     0  startup_stm32f10x_hd.o(.text)
    TIM1_CC_IRQHandler                       0x0800015f   Thumb Code     0  startup_stm32f10x_hd.o(.text)
    TIM1_TRG_COM_IRQHandler                  0x0800015f   Thumb Code     0  startup_stm32f10x_hd.o(.text)
    TIM1_UP_IRQHandler                       0x0800015f   Thumb Code     0  startup_stm32f10x_hd.o(.text)
    TIM2_IRQHandler                          0x0800015f   Thumb Code     0  startup_stm32f10x_hd.o(.text)
    TIM3_IRQHandler                          0x0800015f   Thumb Code     0  startup_stm32f10x_hd.o(.text)
    TIM4_IRQHandler                          0x0800015f   Thumb Code     0  startup_stm32f10x_hd.o(.text)
    TIM5_IRQHandler                          0x0800015f   Thumb Code     0  startup_stm32f10x_hd.o(.text)
    TIM6_IRQHandler                          0x0800015f   Thumb Code     0  startup_stm32f10x_hd.o(.text)
    TIM7_IRQHandler                          0x0800015f   Thumb Code     0  startup_stm32f10x_hd.o(.text)
    TIM8_BRK_IRQHandler                      0x0800015f   Thumb Code     0  startup_stm32f10x_hd.o(.text)
    TIM8_CC_IRQHandler                       0x0800015f   Thumb Code     0  startup_stm32f10x_hd.o(.text)
    TIM8_TRG_COM_IRQHandler                  0x0800015f   Thumb Code     0  startup_stm32f10x_hd.o(.text)
    TIM8_UP_IRQHandler                       0x0800015f   Thumb Code     0  startup_stm32f10x_hd.o(.text)
    UART4_IRQHandler                         0x0800015f   Thumb Code     0  startup_stm32f10x_hd.o(.text)
    UART5_IRQHandler                         0x0800015f   Thumb Code     0  startup_stm32f10x_hd.o(.text)
    USART1_IRQHandler                        0x0800015f   Thumb Code     0  startup_stm32f10x_hd.o(.text)
    USART2_IRQHandler                        0x0800015f   Thumb Code     0  startup_stm32f10x_hd.o(.text)
    USART3_IRQHandler                        0x0800015f   Thumb Code     0  startup_stm32f10x_hd.o(.text)
    USBWakeUp_IRQHandler                     0x0800015f   Thumb Code     0  startup_stm32f10x_hd.o(.text)
    USB_HP_CAN1_TX_IRQHandler                0x0800015f   Thumb Code     0  startup_stm32f10x_hd.o(.text)
    USB_LP_CAN1_RX0_IRQHandler               0x0800015f   Thumb Code     0  startup_stm32f10x_hd.o(.text)
    WWDG_IRQHandler                          0x0800015f   Thumb Code     0  startup_stm32f10x_hd.o(.text)
    __aeabi_uldivmod                         0x08000169   Thumb Code    98  uldiv.o(.text)
    __aeabi_memcpy                           0x080001cb   Thumb Code    36  memcpya.o(.text)
    __aeabi_memcpy4                          0x080001cb   Thumb Code     0  memcpya.o(.text)
    __aeabi_memcpy8                          0x080001cb   Thumb Code     0  memcpya.o(.text)
    strncpy                                  0x080001ef   Thumb Code    24  strncpy.o(.text)
    memcmp                                   0x08000207   Thumb Code    26  memcmp.o(.text)
    strncmp                                  0x08000221   Thumb Code    30  strncmp.o(.text)
    __aeabi_llsl                             0x0800023f   Thumb Code    30  llshl.o(.text)
    _ll_shift_l                              0x0800023f   Thumb Code     0  llshl.o(.text)
    __aeabi_llsr                             0x0800025d   Thumb Code    32  llushr.o(.text)
    _ll_ushift_r                             0x0800025d   Thumb Code     0  llushr.o(.text)
    __scatterload                            0x0800027d   Thumb Code    28  init.o(.text)
    __scatterload_rt2                        0x0800027d   Thumb Code     0  init.o(.text)
    __decompress                             0x080002a1   Thumb Code     0  __dczerorl2.o(.text)
    __decompress1                            0x080002a1   Thumb Code    86  __dczerorl2.o(.text)
    BusFault_Handler                         0x080002f7   Thumb Code     2  stm32f10x_it.o(i.BusFault_Handler)
    DMA_ClearFlag                            0x0800047d   Thumb Code    16  stm32f10x_dma.o(i.DMA_ClearFlag)
    DMA_Cmd                                  0x08000495   Thumb Code    26  stm32f10x_dma.o(i.DMA_Cmd)
    DMA_GetFlagStatus                        0x080004b1   Thumb Code    26  stm32f10x_dma.o(i.DMA_GetFlagStatus)
    DMA_Init                                 0x080004d5   Thumb Code    58  stm32f10x_dma.o(i.DMA_Init)
    DebugMon_Handler                         0x0800050f   Thumb Code     2  stm32f10x_it.o(i.DebugMon_Handler)
    GPIO_Init                                0x080006dd   Thumb Code   166  stm32f10x_gpio.o(i.GPIO_Init)
    GPIO_ReadInputDataBit                    0x08000783   Thumb Code    14  stm32f10x_gpio.o(i.GPIO_ReadInputDataBit)
    GPIO_ResetBits                           0x08000791   Thumb Code     4  stm32f10x_gpio.o(i.GPIO_ResetBits)
    GPIO_SetBits                             0x08000795   Thumb Code     4  stm32f10x_gpio.o(i.GPIO_SetBits)
    HardFault_Handler                        0x08000799   Thumb Code     2  stm32f10x_it.o(i.HardFault_Handler)
    Key_GPIO_Config                          0x0800079d   Thumb Code    50  bsp_key.o(i.Key_GPIO_Config)
    LED_GPIO_Config                          0x080007d9   Thumb Code    92  bsp_led.o(i.LED_GPIO_Config)
    MemManage_Handler                        0x08000839   Thumb Code     2  stm32f10x_it.o(i.MemManage_Handler)
    NMI_Handler                              0x0800083b   Thumb Code     2  stm32f10x_it.o(i.NMI_Handler)
    NVIC_Init                                0x0800083d   Thumb Code    96  misc.o(i.NVIC_Init)
    NVIC_PriorityGroupConfig                 0x080008a1   Thumb Code    10  misc.o(i.NVIC_PriorityGroupConfig)
    PendSV_Handler                           0x080008b5   Thumb Code     2  stm32f10x_it.o(i.PendSV_Handler)
    RCC_AHBPeriphClockCmd                    0x080008b9   Thumb Code    22  stm32f10x_rcc.o(i.RCC_AHBPeriphClockCmd)
    RCC_APB2PeriphClockCmd                   0x080008d5   Thumb Code    22  stm32f10x_rcc.o(i.RCC_APB2PeriphClockCmd)
    RCC_GetClocksFreq                        0x080008f1   Thumb Code   154  stm32f10x_rcc.o(i.RCC_GetClocksFreq)
    SDIO_ClearFlag                           0x08000a7d   Thumb Code     6  stm32f10x_sdio.o(i.SDIO_ClearFlag)
    SDIO_ClearITPendingBit                   0x08000a89   Thumb Code     6  stm32f10x_sdio.o(i.SDIO_ClearITPendingBit)
    SDIO_ClockCmd                            0x08000a95   Thumb Code     6  stm32f10x_sdio.o(i.SDIO_ClockCmd)
    SDIO_DMACmd                              0x08000aa1   Thumb Code     6  stm32f10x_sdio.o(i.SDIO_DMACmd)
    SDIO_DataConfig                          0x08000aad   Thumb Code    38  stm32f10x_sdio.o(i.SDIO_DataConfig)
    SDIO_DeInit                              0x08000ad9   Thumb Code    26  stm32f10x_sdio.o(i.SDIO_DeInit)
    SDIO_GetCommandResponse                  0x08000afd   Thumb Code     8  stm32f10x_sdio.o(i.SDIO_GetCommandResponse)
    SDIO_GetFlagStatus                       0x08000b09   Thumb Code    16  stm32f10x_sdio.o(i.SDIO_GetFlagStatus)
    SDIO_GetPowerState                       0x08000b1d   Thumb Code    10  stm32f10x_sdio.o(i.SDIO_GetPowerState)
    SDIO_GetResponse                         0x08000b2d   Thumb Code    14  stm32f10x_sdio.o(i.SDIO_GetResponse)
    SDIO_IRQHandler                          0x08000b41   Thumb Code     4  bsp_sdio_sdcard.o(i.SDIO_IRQHandler)
    SDIO_ITConfig                            0x08000b45   Thumb Code    22  stm32f10x_sdio.o(i.SDIO_ITConfig)
    SDIO_Init                                0x08000b61   Thumb Code    40  stm32f10x_sdio.o(i.SDIO_Init)
    SDIO_ReadData                            0x08000b8d   Thumb Code     6  stm32f10x_sdio.o(i.SDIO_ReadData)
    SDIO_SendCommand                         0x08000b99   Thumb Code    34  stm32f10x_sdio.o(i.SDIO_SendCommand)
    SDIO_SetPowerState                       0x08000bc1   Thumb Code    18  stm32f10x_sdio.o(i.SDIO_SetPowerState)
    SD_Detect                                0x08000ca1   Thumb Code    12  bsp_sdio_sdcard.o(i.SD_Detect)
    SD_EnableWideBusOperation                0x08000cad   Thumb Code   132  bsp_sdio_sdcard.o(i.SD_EnableWideBusOperation)
    SD_GetCardInfo                           0x08000d39   Thumb Code   608  bsp_sdio_sdcard.o(i.SD_GetCardInfo)
    SD_GetState                              0x08000fa1   Thumb Code    26  bsp_sdio_sdcard.o(i.SD_GetState)
    SD_GetStatus                             0x08000fbb   Thumb Code    26  bsp_sdio_sdcard.o(i.SD_GetStatus)
    SD_Init                                  0x08000fd5   Thumb Code    90  bsp_sdio_sdcard.o(i.SD_Init)
    SD_InitializeCards                       0x08001035   Thumb Code   270  bsp_sdio_sdcard.o(i.SD_InitializeCards)
    SD_PowerON                               0x0800114d   Thumb Code   354  bsp_sdio_sdcard.o(i.SD_PowerON)
    SD_ProcessIRQSrc                         0x080012bd   Thumb Code    60  bsp_sdio_sdcard.o(i.SD_ProcessIRQSrc)
    SD_ReadMultiBlocks                       0x08001301   Thumb Code   188  bsp_sdio_sdcard.o(i.SD_ReadMultiBlocks)
    SD_SelectDeselect                        0x080013c9   Thumb Code    40  bsp_sdio_sdcard.o(i.SD_SelectDeselect)
    SD_SendStatus                            0x080013f5   Thumb Code    36  bsp_sdio_sdcard.o(i.SD_SendStatus)
    SD_WaitReadOperation                     0x08001421   Thumb Code    34  bsp_sdio_sdcard.o(i.SD_WaitReadOperation)
    SD_WaitWriteOperation                    0x08001449   Thumb Code    42  bsp_sdio_sdcard.o(i.SD_WaitWriteOperation)
    SD_WriteMultiBlocks                      0x08001479   Thumb Code   278  bsp_sdio_sdcard.o(i.SD_WriteMultiBlocks)
    SPI_Cmd                                  0x0800159d   Thumb Code    24  stm32f10x_spi.o(i.SPI_Cmd)
    SPI_FLASH_BufferRead                     0x080015b5   Thumb Code    78  bsp_spi_flash.o(i.SPI_FLASH_BufferRead)
    SPI_FLASH_BufferWrite                    0x08001609   Thumb Code   212  bsp_spi_flash.o(i.SPI_FLASH_BufferWrite)
    SPI_FLASH_Init                           0x080016dd   Thumb Code   176  bsp_spi_flash.o(i.SPI_FLASH_Init)
    SPI_FLASH_PageWrite                      0x08001799   Thumb Code    98  bsp_spi_flash.o(i.SPI_FLASH_PageWrite)
    SPI_FLASH_ReadID                         0x08001835   Thumb Code    64  bsp_spi_flash.o(i.SPI_FLASH_ReadID)
    SPI_FLASH_SectorErase                    0x08001879   Thumb Code    66  bsp_spi_flash.o(i.SPI_FLASH_SectorErase)
    SPI_FLASH_SendByte                       0x080018c1   Thumb Code   102  bsp_spi_flash.o(i.SPI_FLASH_SendByte)
    SPI_FLASH_WaitForWriteEnd                0x08001931   Thumb Code    40  bsp_spi_flash.o(i.SPI_FLASH_WaitForWriteEnd)
    SPI_FLASH_WriteEnable                    0x0800195d   Thumb Code    30  bsp_spi_flash.o(i.SPI_FLASH_WriteEnable)
    SPI_Flash_WAKEUP                         0x08001981   Thumb Code    30  bsp_spi_flash.o(i.SPI_Flash_WAKEUP)
    SPI_I2S_GetFlagStatus                    0x080019a5   Thumb Code    14  stm32f10x_spi.o(i.SPI_I2S_GetFlagStatus)
    SPI_I2S_ReceiveData                      0x080019b3   Thumb Code     4  stm32f10x_spi.o(i.SPI_I2S_ReceiveData)
    SPI_I2S_SendData                         0x080019b7   Thumb Code     4  stm32f10x_spi.o(i.SPI_I2S_SendData)
    SPI_Init                                 0x080019bb   Thumb Code    56  stm32f10x_spi.o(i.SPI_Init)
    SVC_Handler                              0x08001a35   Thumb Code     2  stm32f10x_it.o(i.SVC_Handler)
    SystemInit                               0x08001aed   Thumb Code    64  system_stm32f10x.o(i.SystemInit)
    TM_FATFS_FLASH_SPI_disk_initialize       0x08001b3d   Thumb Code   196  bsp_spi_flash.o(i.TM_FATFS_FLASH_SPI_disk_initialize)
    TM_FATFS_FLASH_SPI_disk_ioctl            0x08001c0d   Thumb Code    42  bsp_spi_flash.o(i.TM_FATFS_FLASH_SPI_disk_ioctl)
    TM_FATFS_FLASH_SPI_disk_read             0x08001c39   Thumb Code    36  bsp_spi_flash.o(i.TM_FATFS_FLASH_SPI_disk_read)
    TM_FATFS_FLASH_SPI_disk_status           0x08001c61   Thumb Code    34  bsp_spi_flash.o(i.TM_FATFS_FLASH_SPI_disk_status)
    TM_FATFS_FLASH_SPI_disk_write            0x08001c8d   Thumb Code    32  bsp_spi_flash.o(i.TM_FATFS_FLASH_SPI_disk_write)
    TM_FATFS_SDIO_WriteEnabled               0x08001cad   Thumb Code     4  bsp_sdio_sdcard.o(i.TM_FATFS_SDIO_WriteEnabled)
    TM_FATFS_SD_SDIO_disk_initialize         0x08001cb1   Thumb Code    92  bsp_sdio_sdcard.o(i.TM_FATFS_SD_SDIO_disk_initialize)
    TM_FATFS_SD_SDIO_disk_ioctl              0x08001d11   Thumb Code    54  bsp_sdio_sdcard.o(i.TM_FATFS_SD_SDIO_disk_ioctl)
    TM_FATFS_SD_SDIO_disk_read               0x08001d4d   Thumb Code   132  bsp_sdio_sdcard.o(i.TM_FATFS_SD_SDIO_disk_read)
    TM_FATFS_SD_SDIO_disk_status             0x08001dd5   Thumb Code    44  bsp_sdio_sdcard.o(i.TM_FATFS_SD_SDIO_disk_status)
    TM_FATFS_SD_SDIO_disk_write              0x08001e05   Thumb Code   136  bsp_sdio_sdcard.o(i.TM_FATFS_SD_SDIO_disk_write)
    USART_Cmd                                0x08001e8d   Thumb Code    24  stm32f10x_usart.o(i.USART_Cmd)
    USART_Config                             0x08001ea5   Thumb Code   122  bsp_usart.o(i.USART_Config)
    USART_GetFlagStatus                      0x08001f29   Thumb Code    14  stm32f10x_usart.o(i.USART_GetFlagStatus)
    USART_Init                               0x08001f39   Thumb Code   182  stm32f10x_usart.o(i.USART_Init)
    USART_SendData                           0x08001ff5   Thumb Code     8  stm32f10x_usart.o(i.USART_SendData)
    UsageFault_Handler                       0x08001ffd   Thumb Code     2  stm32f10x_it.o(i.UsageFault_Handler)
    __0printf$8                              0x08002001   Thumb Code    22  printf8.o(i.__0printf$8)
    __1printf$8                              0x08002001   Thumb Code     0  printf8.o(i.__0printf$8)
    __2printf                                0x08002001   Thumb Code     0  printf8.o(i.__0printf$8)
    __scatterload_copy                       0x08002021   Thumb Code    14  handlers.o(i.__scatterload_copy)
    __scatterload_null                       0x0800202f   Thumb Code     2  handlers.o(i.__scatterload_null)
    __scatterload_zeroinit                   0x08002031   Thumb Code    14  handlers.o(i.__scatterload_zeroinit)
    burn_file_sd2flash                       0x080024a5   Thumb Code   486  aux_data.o(i.burn_file_sd2flash)
    burn_index_table                         0x08002895   Thumb Code   248  aux_data.o(i.burn_index_table)
    clust2sect                               0x08002b49   Thumb Code    24  ff.o(i.clust2sect)
    disk_initialize                          0x080032b3   Thumb Code    22  diskio.o(i.disk_initialize)
    disk_ioctl                               0x080032c9   Thumb Code    38  diskio.o(i.disk_ioctl)
    disk_read                                0x080032ef   Thumb Code    40  diskio.o(i.disk_read)
    disk_status                              0x08003317   Thumb Code    22  diskio.o(i.disk_status)
    disk_write                               0x0800332d   Thumb Code    44  diskio.o(i.disk_write)
    f_close                                  0x08003359   Thumb Code    30  ff.o(i.f_close)
    f_lseek                                  0x08003377   Thumb Code   372  ff.o(i.f_lseek)
    f_mount                                  0x080034ed   Thumb Code    72  ff.o(i.f_mount)
    f_open                                   0x08003539   Thumb Code   352  ff.o(i.f_open)
    f_read                                   0x08003699   Thumb Code   380  ff.o(i.f_read)
    f_sync                                   0x08003815   Thumb Code   154  ff.o(i.f_sync)
    ff_convert                               0x080038b1   Thumb Code    78  cc936.o(i.ff_convert)
    ff_wtoupper                              0x08003909   Thumb Code    68  cc936.o(i.ff_wtoupper)
    fputc                                    0x08003e19   Thumb Code    30  bsp_usart.o(i.fputc)
    get_fat                                  0x08003ed5   Thumb Code   256  ff.o(i.get_fat)
    get_fattime                              0x08003fd5   Thumb Code     4  diskio.o(i.get_fattime)
    main                                     0x08004071   Thumb Code   298  main.o(i.main)
    put_fat                                  0x08004535   Thumb Code   300  ff.o(i.put_fat)
    Region$$Table$$Base                      0x0802fe48   Number         0  anon$$obj.o(Region$$Table)
    Region$$Table$$Limit                     0x0802fe68   Number         0  anon$$obj.o(Region$$Table)
    src_dir                                  0x2000001c   Data         255  aux_data.o(.data)
    dst_dir                                  0x2000011b   Data         255  aux_data.o(.data)
    flash_scan_dir                           0x2000021a   Data         255  aux_data.o(.data)
    sd_scan_dir                              0x20000319   Data         255  aux_data.o(.data)
    index_header                             0x20000418   Data          72  aux_data.o(.data)
    burn_data                                0x20000460   Data         600  aux_data.o(.data)
    TransferError                            0x200006c0   Data           1  bsp_sdio_sdcard.o(.data)
    StopCondition                            0x200006cc   Data           4  bsp_sdio_sdcard.o(.data)
    TransferEnd                              0x200006d0   Data           4  bsp_sdio_sdcard.o(.data)
    __stdout                                 0x200006e0   Data           4  stdout.o(.data)
    index_enter                              0x20002b14   Data         600  aux_data.o(.bss)
    flash_fs                                 0x20002d6c   Data        4144  aux_data.o(.bss)
    newfn                                    0x20006e08   Data         255  aux_data.o(.bss)
    SDCardInfo                               0x20007138   Data          88  bsp_sdio_sdcard.o(.bss)
    SDIO_InitStructure                       0x20007190   Data          24  bsp_sdio_sdcard.o(.bss)
    SDIO_CmdInitStructure                    0x200071a8   Data          20  bsp_sdio_sdcard.o(.bss)
    SDIO_DataInitStructure                   0x200071bc   Data          24  bsp_sdio_sdcard.o(.bss)
    __initial_sp                             0x200081d8   Data           0  startup_stm32f10x_hd.o(STACK)



==============================================================================

Memory Map of the image

  Image Entry point : 0x08000131

  Load Region LR_IROM1 (Base: 0x08000000, Size: 0x0003054c, Max: 0x00080000, ABSOLUTE, COMPRESSED[0x0002fff8])

    Execution Region ER_IROM1 (Exec base: 0x08000000, Load base: 0x08000000, Size: 0x0002fe68, Max: 0x00080000, ABSOLUTE)

    Exec Addr    Load Addr    Size         Type   Attr      Idx    E Section Name        Object

    0x08000000   0x08000000   0x00000130   Data   RO            3    RESET               startup_stm32f10x_hd.o
    0x08000130   0x08000130   0x00000000   Code   RO         4170  * .ARM.Collect$$$$00000000  mc_w.l(entry.o)
    0x08000130   0x08000130   0x00000004   Code   RO         4450    .ARM.Collect$$$$00000001  mc_w.l(entry2.o)
    0x08000134   0x08000134   0x00000004   Code   RO         4453    .ARM.Collect$$$$00000004  mc_w.l(entry5.o)
    0x08000138   0x08000138   0x00000000   Code   RO         4455    .ARM.Collect$$$$00000008  mc_w.l(entry7b.o)
    0x08000138   0x08000138   0x00000000   Code   RO         4457    .ARM.Collect$$$$0000000A  mc_w.l(entry8b.o)
    0x08000138   0x08000138   0x00000008   Code   RO         4458    .ARM.Collect$$$$0000000B  mc_w.l(entry9a.o)
    0x08000140   0x08000140   0x00000000   Code   RO         4460    .ARM.Collect$$$$0000000D  mc_w.l(entry10a.o)
    0x08000140   0x08000140   0x00000000   Code   RO         4462    .ARM.Collect$$$$0000000F  mc_w.l(entry11a.o)
    0x08000140   0x08000140   0x00000004   Code   RO         4451    .ARM.Collect$$$$00002712  mc_w.l(entry2.o)
    0x08000144   0x08000144   0x00000024   Code   RO            4    .text               startup_stm32f10x_hd.o
    0x08000168   0x08000168   0x00000062   Code   RO         4173    .text               mc_w.l(uldiv.o)
    0x080001ca   0x080001ca   0x00000024   Code   RO         4175    .text               mc_w.l(memcpya.o)
    0x080001ee   0x080001ee   0x00000018   Code   RO         4177    .text               mc_w.l(strncpy.o)
    0x08000206   0x08000206   0x0000001a   Code   RO         4181    .text               mc_w.l(memcmp.o)
    0x08000220   0x08000220   0x0000001e   Code   RO         4183    .text               mc_w.l(strncmp.o)
    0x0800023e   0x0800023e   0x0000001e   Code   RO         4467    .text               mc_w.l(llshl.o)
    0x0800025c   0x0800025c   0x00000020   Code   RO         4469    .text               mc_w.l(llushr.o)
    0x0800027c   0x0800027c   0x00000024   Code   RO         4482    .text               mc_w.l(init.o)
    0x080002a0   0x080002a0   0x00000056   Code   RO         4496    .text               mc_w.l(__dczerorl2.o)
    0x080002f6   0x080002f6   0x00000002   Code   RO         3167    i.BusFault_Handler  stm32f10x_it.o
    0x080002f8   0x080002f8   0x0000002a   Code   RO         3494    i.CmdError          bsp_sdio_sdcard.o
    0x08000322   0x08000322   0x00000002   PAD
    0x08000324   0x08000324   0x0000001c   Code   RO         3495    i.CmdResp1Error     bsp_sdio_sdcard.o
    0x08000340   0x08000340   0x00000044   Code   RO         3496    i.CmdResp2Error     bsp_sdio_sdcard.o
    0x08000384   0x08000384   0x00000034   Code   RO         3497    i.CmdResp3Error     bsp_sdio_sdcard.o
    0x080003b8   0x080003b8   0x00000080   Code   RO         3498    i.CmdResp6Error     bsp_sdio_sdcard.o
    0x08000438   0x08000438   0x00000044   Code   RO         3499    i.CmdResp7Error     bsp_sdio_sdcard.o
    0x0800047c   0x0800047c   0x00000018   Code   RO          856    i.DMA_ClearFlag     stm32f10x_dma.o
    0x08000494   0x08000494   0x0000001a   Code   RO          858    i.DMA_Cmd           stm32f10x_dma.o
    0x080004ae   0x080004ae   0x00000002   PAD
    0x080004b0   0x080004b0   0x00000024   Code   RO          861    i.DMA_GetFlagStatus  stm32f10x_dma.o
    0x080004d4   0x080004d4   0x0000003a   Code   RO          864    i.DMA_Init          stm32f10x_dma.o
    0x0800050e   0x0800050e   0x00000002   Code   RO         3168    i.DebugMon_Handler  stm32f10x_it.o
    0x08000510   0x08000510   0x0000017c   Code   RO         3500    i.FindSCR           bsp_sdio_sdcard.o
    0x0800068c   0x0800068c   0x00000050   Code   RO         3501    i.GPIO_Configuration  bsp_sdio_sdcard.o
    0x080006dc   0x080006dc   0x000000a6   Code   RO         1282    i.GPIO_Init         stm32f10x_gpio.o
    0x08000782   0x08000782   0x0000000e   Code   RO         1286    i.GPIO_ReadInputDataBit  stm32f10x_gpio.o
    0x08000790   0x08000790   0x00000004   Code   RO         1289    i.GPIO_ResetBits    stm32f10x_gpio.o
    0x08000794   0x08000794   0x00000004   Code   RO         1290    i.GPIO_SetBits      stm32f10x_gpio.o
    0x08000798   0x08000798   0x00000002   Code   RO         3169    i.HardFault_Handler  stm32f10x_it.o
    0x0800079a   0x0800079a   0x00000002   PAD
    0x0800079c   0x0800079c   0x0000003c   Code   RO         3293    i.Key_GPIO_Config   bsp_key.o
    0x080007d8   0x080007d8   0x00000060   Code   RO         3311    i.LED_GPIO_Config   bsp_led.o
    0x08000838   0x08000838   0x00000002   Code   RO         3170    i.MemManage_Handler  stm32f10x_it.o
    0x0800083a   0x0800083a   0x00000002   Code   RO         3171    i.NMI_Handler       stm32f10x_it.o
    0x0800083c   0x0800083c   0x00000064   Code   RO          127    i.NVIC_Init         misc.o
    0x080008a0   0x080008a0   0x00000014   Code   RO          128    i.NVIC_PriorityGroupConfig  misc.o
    0x080008b4   0x080008b4   0x00000002   Code   RO         3172    i.PendSV_Handler    stm32f10x_it.o
    0x080008b6   0x080008b6   0x00000002   PAD
    0x080008b8   0x080008b8   0x0000001c   Code   RO         1697    i.RCC_AHBPeriphClockCmd  stm32f10x_rcc.o
    0x080008d4   0x080008d4   0x0000001c   Code   RO         1700    i.RCC_APB2PeriphClockCmd  stm32f10x_rcc.o
    0x080008f0   0x080008f0   0x000000ac   Code   RO         1708    i.RCC_GetClocksFreq  stm32f10x_rcc.o
    0x0800099c   0x0800099c   0x000000e0   Code   RO         3503    i.SDEnWideBus       bsp_sdio_sdcard.o
    0x08000a7c   0x08000a7c   0x0000000c   Code   RO         1987    i.SDIO_ClearFlag    stm32f10x_sdio.o
    0x08000a88   0x08000a88   0x0000000c   Code   RO         1988    i.SDIO_ClearITPendingBit  stm32f10x_sdio.o
    0x08000a94   0x08000a94   0x0000000c   Code   RO         1989    i.SDIO_ClockCmd     stm32f10x_sdio.o
    0x08000aa0   0x08000aa0   0x0000000c   Code   RO         1992    i.SDIO_DMACmd       stm32f10x_sdio.o
    0x08000aac   0x08000aac   0x0000002c   Code   RO         1993    i.SDIO_DataConfig   stm32f10x_sdio.o
    0x08000ad8   0x08000ad8   0x00000024   Code   RO         1995    i.SDIO_DeInit       stm32f10x_sdio.o
    0x08000afc   0x08000afc   0x0000000c   Code   RO         1996    i.SDIO_GetCommandResponse  stm32f10x_sdio.o
    0x08000b08   0x08000b08   0x00000014   Code   RO         1999    i.SDIO_GetFlagStatus  stm32f10x_sdio.o
    0x08000b1c   0x08000b1c   0x00000010   Code   RO         2001    i.SDIO_GetPowerState  stm32f10x_sdio.o
    0x08000b2c   0x08000b2c   0x00000014   Code   RO         2002    i.SDIO_GetResponse  stm32f10x_sdio.o
    0x08000b40   0x08000b40   0x00000004   Code   RO         3504    i.SDIO_IRQHandler   bsp_sdio_sdcard.o
    0x08000b44   0x08000b44   0x0000001c   Code   RO         2003    i.SDIO_ITConfig     stm32f10x_sdio.o
    0x08000b60   0x08000b60   0x0000002c   Code   RO         2004    i.SDIO_Init         stm32f10x_sdio.o
    0x08000b8c   0x08000b8c   0x0000000c   Code   RO         2005    i.SDIO_ReadData     stm32f10x_sdio.o
    0x08000b98   0x08000b98   0x00000028   Code   RO         2007    i.SDIO_SendCommand  stm32f10x_sdio.o
    0x08000bc0   0x08000bc0   0x00000018   Code   RO         2009    i.SDIO_SetPowerState  stm32f10x_sdio.o
    0x08000bd8   0x08000bd8   0x0000000c   Code   RO         3505    i.SD_DMAEndOfTransferStatus  bsp_sdio_sdcard.o
    0x08000be4   0x08000be4   0x0000005c   Code   RO         3506    i.SD_DMA_RxConfig   bsp_sdio_sdcard.o
    0x08000c40   0x08000c40   0x00000060   Code   RO         3507    i.SD_DMA_TxConfig   bsp_sdio_sdcard.o
    0x08000ca0   0x08000ca0   0x0000000c   Code   RO         3509    i.SD_Detect         bsp_sdio_sdcard.o
    0x08000cac   0x08000cac   0x0000008c   Code   RO         3510    i.SD_EnableWideBusOperation  bsp_sdio_sdcard.o
    0x08000d38   0x08000d38   0x00000268   Code   RO         3512    i.SD_GetCardInfo    bsp_sdio_sdcard.o
    0x08000fa0   0x08000fa0   0x0000001a   Code   RO         3514    i.SD_GetState       bsp_sdio_sdcard.o
    0x08000fba   0x08000fba   0x0000001a   Code   RO         3515    i.SD_GetStatus      bsp_sdio_sdcard.o
    0x08000fd4   0x08000fd4   0x00000060   Code   RO         3517    i.SD_Init           bsp_sdio_sdcard.o
    0x08001034   0x08001034   0x00000118   Code   RO         3518    i.SD_InitializeCards  bsp_sdio_sdcard.o
    0x0800114c   0x0800114c   0x00000170   Code   RO         3520    i.SD_PowerON        bsp_sdio_sdcard.o
    0x080012bc   0x080012bc   0x00000044   Code   RO         3521    i.SD_ProcessIRQSrc  bsp_sdio_sdcard.o
    0x08001300   0x08001300   0x000000c8   Code   RO         3523    i.SD_ReadMultiBlocks  bsp_sdio_sdcard.o
    0x080013c8   0x080013c8   0x0000002c   Code   RO         3524    i.SD_SelectDeselect  bsp_sdio_sdcard.o
    0x080013f4   0x080013f4   0x0000002c   Code   RO         3526    i.SD_SendStatus     bsp_sdio_sdcard.o
    0x08001420   0x08001420   0x00000028   Code   RO         3528    i.SD_WaitReadOperation  bsp_sdio_sdcard.o
    0x08001448   0x08001448   0x00000030   Code   RO         3529    i.SD_WaitWriteOperation  bsp_sdio_sdcard.o
    0x08001478   0x08001478   0x00000124   Code   RO         3531    i.SD_WriteMultiBlocks  bsp_sdio_sdcard.o
    0x0800159c   0x0800159c   0x00000018   Code   RO         2177    i.SPI_Cmd           stm32f10x_spi.o
    0x080015b4   0x080015b4   0x00000054   Code   RO         3351    i.SPI_FLASH_BufferRead  bsp_spi_flash.o
    0x08001608   0x08001608   0x000000d4   Code   RO         3352    i.SPI_FLASH_BufferWrite  bsp_spi_flash.o
    0x080016dc   0x080016dc   0x000000bc   Code   RO         3354    i.SPI_FLASH_Init    bsp_spi_flash.o
    0x08001798   0x08001798   0x0000009c   Code   RO         3355    i.SPI_FLASH_PageWrite  bsp_spi_flash.o
    0x08001834   0x08001834   0x00000044   Code   RO         3358    i.SPI_FLASH_ReadID  bsp_spi_flash.o
    0x08001878   0x08001878   0x00000048   Code   RO         3359    i.SPI_FLASH_SectorErase  bsp_spi_flash.o
    0x080018c0   0x080018c0   0x00000070   Code   RO         3360    i.SPI_FLASH_SendByte  bsp_spi_flash.o
    0x08001930   0x08001930   0x0000002c   Code   RO         3363    i.SPI_FLASH_WaitForWriteEnd  bsp_spi_flash.o
    0x0800195c   0x0800195c   0x00000024   Code   RO         3364    i.SPI_FLASH_WriteEnable  bsp_spi_flash.o
    0x08001980   0x08001980   0x00000024   Code   RO         3366    i.SPI_Flash_WAKEUP  bsp_spi_flash.o
    0x080019a4   0x080019a4   0x0000000e   Code   RO         2185    i.SPI_I2S_GetFlagStatus  stm32f10x_spi.o
    0x080019b2   0x080019b2   0x00000004   Code   RO         2188    i.SPI_I2S_ReceiveData  stm32f10x_spi.o
    0x080019b6   0x080019b6   0x00000004   Code   RO         2189    i.SPI_I2S_SendData  stm32f10x_spi.o
    0x080019ba   0x080019ba   0x00000038   Code   RO         2190    i.SPI_Init          stm32f10x_spi.o
    0x080019f2   0x080019f2   0x00000002   PAD
    0x080019f4   0x080019f4   0x00000040   Code   RO         3367    i.SPI_TIMEOUT_UserCallback  bsp_spi_flash.o
    0x08001a34   0x08001a34   0x00000002   Code   RO         3173    i.SVC_Handler       stm32f10x_it.o
    0x08001a36   0x08001a36   0x00000004   Code   RO           10    i.SetSysClock       system_stm32f10x.o
    0x08001a3a   0x08001a3a   0x00000002   PAD
    0x08001a3c   0x08001a3c   0x000000b0   Code   RO           11    i.SetSysClockTo72   system_stm32f10x.o
    0x08001aec   0x08001aec   0x00000050   Code   RO           13    i.SystemInit        system_stm32f10x.o
    0x08001b3c   0x08001b3c   0x000000d0   Code   RO         3368    i.TM_FATFS_FLASH_SPI_disk_initialize  bsp_spi_flash.o
    0x08001c0c   0x08001c0c   0x0000002a   Code   RO         3369    i.TM_FATFS_FLASH_SPI_disk_ioctl  bsp_spi_flash.o
    0x08001c36   0x08001c36   0x00000002   PAD
    0x08001c38   0x08001c38   0x00000028   Code   RO         3370    i.TM_FATFS_FLASH_SPI_disk_read  bsp_spi_flash.o
    0x08001c60   0x08001c60   0x0000002c   Code   RO         3371    i.TM_FATFS_FLASH_SPI_disk_status  bsp_spi_flash.o
    0x08001c8c   0x08001c8c   0x00000020   Code   RO         3372    i.TM_FATFS_FLASH_SPI_disk_write  bsp_spi_flash.o
    0x08001cac   0x08001cac   0x00000004   Code   RO         3532    i.TM_FATFS_SDIO_WriteEnabled  bsp_sdio_sdcard.o
    0x08001cb0   0x08001cb0   0x00000060   Code   RO         3533    i.TM_FATFS_SD_SDIO_disk_initialize  bsp_sdio_sdcard.o
    0x08001d10   0x08001d10   0x0000003c   Code   RO         3534    i.TM_FATFS_SD_SDIO_disk_ioctl  bsp_sdio_sdcard.o
    0x08001d4c   0x08001d4c   0x00000088   Code   RO         3535    i.TM_FATFS_SD_SDIO_disk_read  bsp_sdio_sdcard.o
    0x08001dd4   0x08001dd4   0x00000030   Code   RO         3536    i.TM_FATFS_SD_SDIO_disk_status  bsp_sdio_sdcard.o
    0x08001e04   0x08001e04   0x00000088   Code   RO         3537    i.TM_FATFS_SD_SDIO_disk_write  bsp_sdio_sdcard.o
    0x08001e8c   0x08001e8c   0x00000018   Code   RO         2868    i.USART_Cmd         stm32f10x_usart.o
    0x08001ea4   0x08001ea4   0x00000084   Code   RO         3323    i.USART_Config      bsp_usart.o
    0x08001f28   0x08001f28   0x0000000e   Code   RO         2871    i.USART_GetFlagStatus  stm32f10x_usart.o
    0x08001f36   0x08001f36   0x00000002   PAD
    0x08001f38   0x08001f38   0x000000bc   Code   RO         2875    i.USART_Init        stm32f10x_usart.o
    0x08001ff4   0x08001ff4   0x00000008   Code   RO         2885    i.USART_SendData    stm32f10x_usart.o
    0x08001ffc   0x08001ffc   0x00000002   Code   RO         3174    i.UsageFault_Handler  stm32f10x_it.o
    0x08001ffe   0x08001ffe   0x00000002   PAD
    0x08002000   0x08002000   0x00000020   Code   RO         4396    i.__0printf$8       mc_w.l(printf8.o)
    0x08002020   0x08002020   0x0000000e   Code   RO         4490    i.__scatterload_copy  mc_w.l(handlers.o)
    0x0800202e   0x0800202e   0x00000002   Code   RO         4491    i.__scatterload_null  mc_w.l(handlers.o)
    0x08002030   0x08002030   0x0000000e   Code   RO         4492    i.__scatterload_zeroinit  mc_w.l(handlers.o)
    0x0800203e   0x0800203e   0x00000002   PAD
    0x08002040   0x08002040   0x00000410   Code   RO         4403    i._printf_core      mc_w.l(printf8.o)
    0x08002450   0x08002450   0x00000024   Code   RO         4404    i._printf_post_padding  mc_w.l(printf8.o)
    0x08002474   0x08002474   0x0000002e   Code   RO         4405    i._printf_pre_padding  mc_w.l(printf8.o)
    0x080024a2   0x080024a2   0x00000002   PAD
    0x080024a4   0x080024a4   0x000003f0   Code   RO         3224    i.burn_file_sd2flash  aux_data.o
    0x08002894   0x08002894   0x00000228   Code   RO         3225    i.burn_index_table  aux_data.o
    0x08002abc   0x08002abc   0x0000007c   Code   RO         3818    i.check_fs          ff.o
    0x08002b38   0x08002b38   0x00000010   Code   RO         3819    i.chk_chr           ff.o
    0x08002b48   0x08002b48   0x00000018   Code   RO         3820    i.clust2sect        ff.o
    0x08002b60   0x08002b60   0x00000094   Code   RO         3821    i.cmp_lfn           ff.o
    0x08002bf4   0x08002bf4   0x000000a8   Code   RO         3822    i.create_chain      ff.o
    0x08002c9c   0x08002c9c   0x00000230   Code   RO         3823    i.create_name       ff.o
    0x08002ecc   0x08002ecc   0x00000026   Code   RO         3098    i.delay_loop        main.o
    0x08002ef2   0x08002ef2   0x00000044   Code   RO         3824    i.dir_alloc         ff.o
    0x08002f36   0x08002f36   0x000000c6   Code   RO         3825    i.dir_find          ff.o
    0x08002ffc   0x08002ffc   0x00000114   Code   RO         3826    i.dir_next          ff.o
    0x08003110   0x08003110   0x00000104   Code   RO         3828    i.dir_register      ff.o
    0x08003214   0x08003214   0x0000009e   Code   RO         3830    i.dir_sdi           ff.o
    0x080032b2   0x080032b2   0x00000016   Code   RO         3767    i.disk_initialize   diskio.o
    0x080032c8   0x080032c8   0x00000026   Code   RO         3768    i.disk_ioctl        diskio.o
    0x080032ee   0x080032ee   0x00000028   Code   RO         3769    i.disk_read         diskio.o
    0x08003316   0x08003316   0x00000016   Code   RO         3770    i.disk_status       diskio.o
    0x0800332c   0x0800332c   0x0000002c   Code   RO         3771    i.disk_write        diskio.o
    0x08003358   0x08003358   0x0000001e   Code   RO         3832    i.f_close           ff.o
    0x08003376   0x08003376   0x00000174   Code   RO         3836    i.f_lseek           ff.o
    0x080034ea   0x080034ea   0x00000002   PAD
    0x080034ec   0x080034ec   0x0000004c   Code   RO         3839    i.f_mount           ff.o
    0x08003538   0x08003538   0x00000160   Code   RO         3840    i.f_open            ff.o
    0x08003698   0x08003698   0x0000017c   Code   RO         3845    i.f_read            ff.o
    0x08003814   0x08003814   0x0000009a   Code   RO         3849    i.f_sync            ff.o
    0x080038ae   0x080038ae   0x00000002   PAD
    0x080038b0   0x080038b0   0x00000058   Code   RO         4141    i.ff_convert        cc936.o
    0x08003908   0x08003908   0x0000004c   Code   RO         4142    i.ff_wtoupper       cc936.o
    0x08003954   0x08003954   0x00000348   Code   RO         3854    i.find_volume       ff.o
    0x08003c9c   0x08003c9c   0x0000006c   Code   RO         3855    i.fit_lfn           ff.o
    0x08003d08   0x08003d08   0x000000a4   Code   RO         3099    i.flash_already_burned  main.o
    0x08003dac   0x08003dac   0x0000006a   Code   RO         3856    i.follow_path       ff.o
    0x08003e16   0x08003e16   0x00000002   PAD
    0x08003e18   0x08003e18   0x00000024   Code   RO         3325    i.fputc             bsp_usart.o
    0x08003e3c   0x08003e3c   0x00000098   Code   RO         3857    i.gen_numname       ff.o
    0x08003ed4   0x08003ed4   0x00000100   Code   RO         3858    i.get_fat           ff.o
    0x08003fd4   0x08003fd4   0x00000008   Code   RO         3772    i.get_fattime       diskio.o
    0x08003fdc   0x08003fdc   0x00000042   Code   RO         3860    i.get_ldnumber      ff.o
    0x0800401e   0x0800401e   0x0000001a   Code   RO         3100    i.key2_debounced    main.o
    0x08004038   0x08004038   0x00000018   Code   RO         3101    i.key2_pressed      main.o
    0x08004050   0x08004050   0x0000001e   Code   RO         3861    i.ld_clust          ff.o
    0x0800406e   0x0800406e   0x00000002   PAD
    0x08004070   0x08004070   0x00000454   Code   RO         3102    i.main              main.o
    0x080044c4   0x080044c4   0x0000001a   Code   RO         3862    i.mem_cmp           ff.o
    0x080044de   0x080044de   0x00000012   Code   RO         3863    i.mem_cpy           ff.o
    0x080044f0   0x080044f0   0x00000010   Code   RO         3864    i.mem_set           ff.o
    0x08004500   0x08004500   0x00000034   Code   RO         3865    i.move_window       ff.o
    0x08004534   0x08004534   0x0000012c   Code   RO         3867    i.put_fat           ff.o
    0x08004660   0x08004660   0x00000066   Code   RO         3869    i.remove_chain      ff.o
    0x080046c6   0x080046c6   0x00000010   Code   RO         3870    i.st_clust          ff.o
    0x080046d6   0x080046d6   0x0000001a   Code   RO         3871    i.sum_sfn           ff.o
    0x080046f0   0x080046f0   0x000000b4   Code   RO         3872    i.sync_fs           ff.o
    0x080047a4   0x080047a4   0x00000054   Code   RO         3873    i.sync_window       ff.o
    0x080047f8   0x080047f8   0x00000028   Code   RO         3874    i.validate          ff.o
    0x08004820   0x08004820   0x0000003a   Data   RO         3875    .constdata          ff.o
    0x0800485a   0x0800485a   0x0002b0c0   Data   RO         4143    .constdata          cc936.o
    0x0802f91a   0x0802f91a   0x00000002   PAD
    0x0802f91c   0x0802f91c   0x000004d4   Data   RO         3235    .conststring        aux_data.o
    0x0802fdf0   0x0802fdf0   0x00000057   Data   RO         3236    .conststring        aux_data.o
    0x0802fe47   0x0802fe47   0x00000001   PAD
    0x0802fe48   0x0802fe48   0x00000020   Data   RO         4488    Region$$Table       anon$$obj.o


    Execution Region RW_IRAM1 (Exec base: 0x20000000, Load base: 0x0802fe68, Size: 0x000081d8, Max: 0x00010000, ABSOLUTE, COMPRESSED[0x00000190])

    Exec Addr    Load Addr    Size         Type   Attr      Idx    E Section Name        Object

    0x20000000   COMPRESSED   0x00000014   Data   RW         1728    .data               stm32f10x_rcc.o
    0x20000014   COMPRESSED   0x0000044c   Data   RW         3237    .data               aux_data.o
    0x20000460   COMPRESSED   0x00000258   Data   RW         3238    .data               aux_data.o
    0x200006b8   COMPRESSED   0x00000008   Data   RW         3377    .data               bsp_spi_flash.o
    0x200006c0   COMPRESSED   0x00000014   Data   RW         3540    .data               bsp_sdio_sdcard.o
    0x200006d4   COMPRESSED   0x0000000c   Data   RW         3876    .data               ff.o
    0x200006e0   COMPRESSED   0x00000004   Data   RW         4464    .data               mc_w.l(stdout.o)
    0x200006e4        -       0x00001030   Zero   RW         3103    .bss                main.o
    0x20001714        -       0x000059f2   Zero   RW         3231    .bss                aux_data.o
    0x20007106   COMPRESSED   0x00000002   PAD
    0x20007108        -       0x000000cc   Zero   RW         3539    .bss                bsp_sdio_sdcard.o
    0x200071d4   COMPRESSED   0x00000004   PAD
    0x200071d8        -       0x00001000   Zero   RW            1    STACK               startup_stm32f10x_hd.o


==============================================================================

Image component sizes


      Code (inc. data)   RO Data    RW Data    ZI Data      Debug   Object Name

      1560        826       1323       1700      23026       9897   aux_data.o
        60         10          0          0          0        550   bsp_key.o
        96          4          0          0          0        570   bsp_led.o
      4054        214          0         20        204      35418   bsp_sdio_sdcard.o
      1438        188          0          8          0      12138   bsp_spi_flash.o
       168         16          0          0          0       2487   bsp_usart.o
       164         18     176320          0          0       2891   cc936.o
       174          4          0          0          0       6124   diskio.o
      5782         58         58         12          0      36323   ff.o
      1360        824          0          0       4144      10144   main.o
       120         14          0          0          0       1707   misc.o
        36          8        304          0       4096        888   startup_stm32f10x_hd.o
       144         18          0          0          0       4193   stm32f10x_dma.o
       188          0          0          0          0       3944   stm32f10x_gpio.o
        16          0          0          0          0       3732   stm32f10x_it.o
       228         30          0         20          0       4817   stm32f10x_rcc.o
       344         88          0          0          0      10459   stm32f10x_sdio.o
       102          0          0          0          0       4130   stm32f10x_spi.o
       234          6          0          0          0       4420   stm32f10x_usart.o
       260         26          0          0          0     260993   system_stm32f10x.o

    ----------------------------------------------------------------------
     16554       2352     178040       1760      31476     415825   Object Totals
         0          0         32          0          0          0   (incl. Generated)
        26          0          3          0          6          0   (incl. Padding)

    ----------------------------------------------------------------------

      Code (inc. data)   RO Data    RW Data    ZI Data      Debug   Library Member Name

        86          0          0          0          0          0   __dczerorl2.o
         0          0          0          0          0          0   entry.o
         0          0          0          0          0          0   entry10a.o
         0          0          0          0          0          0   entry11a.o
         8          4          0          0          0          0   entry2.o
         4          0          0          0          0          0   entry5.o
         0          0          0          0          0          0   entry7b.o
         0          0          0          0          0          0   entry8b.o
         8          4          0          0          0          0   entry9a.o
        30          0          0          0          0          0   handlers.o
        36          8          0          0          0         68   init.o
        30          0          0          0          0         68   llshl.o
        32          0          0          0          0         68   llushr.o
        26          0          0          0          0         80   memcmp.o
        36          0          0          0          0         68   memcpya.o
      1154         54          0          0          0        352   printf8.o
         0          0          0          4          0          0   stdout.o
        30          0          0          0          0         80   strncmp.o
        24          0          0          0          0         76   strncpy.o
        98          0          0          0          0         92   uldiv.o

    ----------------------------------------------------------------------
      1606         70          0          4          0        952   Library Totals
         4          0          0          0          0          0   (incl. Padding)

    ----------------------------------------------------------------------

      Code (inc. data)   RO Data    RW Data    ZI Data      Debug   Library Name

      1602         70          0          4          0        952   mc_w.l

    ----------------------------------------------------------------------
      1606         70          0          4          0        952   Library Totals

    ----------------------------------------------------------------------

==============================================================================


      Code (inc. data)   RO Data    RW Data    ZI Data      Debug   

     18160       2422     178040       1764      31476     408949   Grand Totals
     18160       2422     178040        400      31476     408949   ELF Image Totals (compressed)
     18160       2422     178040        400          0          0   ROM Totals

==============================================================================

    Total RO  Size (Code + RO Data)               196200 ( 191.60kB)
    Total RW  Size (RW Data + ZI Data)             33240 (  32.46kB)
    Total ROM Size (Code + RO Data + RW Data)     196600 ( 191.99kB)

==============================================================================

